
*** Running vivado
    with args -log CPU_wrapper.vdi -applog -m64 -product Vivado -messageDb vivado.pb -mode batch -source CPU_wrapper.tcl -notrace



****** Vivado v2025.2 (64-bit)
  **** SW Build 6299465 on Fri Nov 14 19:35:11 GMT 2025
  **** IP Build 6300035 on Fri Nov 14 10:48:45 MST 2025
  **** SharedData Build 6298862 on Thu Nov 13 04:50:51 MST 2025
  **** Start of session at: Mon Oct  5 19:23:18 2026
    ** Copyright 1986-2022 Xilinx, Inc. All Rights Reserved.
    ** Copyright 2022-2025 Advanced Micro Devices, Inc. All Rights Reserved.

source CPU_wrapper.tcl -notrace
create_project: Time (s): cpu = 00:00:13 ; elapsed = 00:00:13 . Memory (MB): peak = 532.781 ; gain = 220.023
INFO: [IP_Flow 19-234] Refreshing IP repositories
INFO: [IP_Flow 19-1704] No user IP repositories specified
INFO: [IP_Flow 19-2313] Loaded Vivado IP repository 'C:/AMDDesignTools/2025.2/Vivado/data/ip'.
Command: link_design -top CPU_wrapper -part xc7z020clg400-1
Design is defaulting to srcset: sources_1
Design is defaulting to constrset: constrs_1
INFO: [Device 21-403] Loading part xc7z020clg400-1
INFO: [Project 1-5699] Read binary netlist with skipMacroContent - 1
INFO: [Project 1-454] Reading design checkpoint 'c:/Users/germa/Documents/projects/FPGA/New folder/oscilloscope/oscilloscope.gen/sources_1/bd/CPU/ip/CPU_axi_bram_ctrl_0_0/CPU_axi_bram_ctrl_0_0.dcp' for cell 'CPU_i/axi_bram_ctrl_0'
INFO: [Project 1-454] Reading design checkpoint 'c:/Users/germa/Documents/projects/FPGA/New folder/oscilloscope/oscilloscope.gen/sources_1/bd/CPU/ip/CPU_axi_gpio_0_0/CPU_axi_gpio_0_0.dcp' for cell 'CPU_i/axi_gpio_0'
INFO: [Project 1-454] Reading design checkpoint 'c:/Users/germa/Documents/projects/FPGA/New folder/oscilloscope/oscilloscope.gen/sources_1/bd/CPU/ip/CPU_blk_mem_gen_0_0/CPU_blk_mem_gen_0_0.dcp' for cell 'CPU_i/blk_mem_gen_0'
INFO: [Project 1-454] Reading design checkpoint 'c:/Users/germa/Documents/projects/FPGA/New folder/oscilloscope/oscilloscope.gen/sources_1/bd/CPU/ip/CPU_proc_sys_reset_0_0/CPU_proc_sys_reset_0_0.dcp' for cell 'CPU_i/proc_sys_reset_0'
INFO: [Project 1-454] Reading design checkpoint 'c:/Users/germa/Documents/projects/FPGA/New folder/oscilloscope/oscilloscope.gen/sources_1/bd/CPU/ip/CPU_processing_system7_0_0/CPU_processing_system7_0_0.dcp' for cell 'CPU_i/processing_system7_0'
INFO: [Project 1-454] Reading design checkpoint 'c:/Users/germa/Documents/projects/FPGA/New folder/oscilloscope/oscilloscope.gen/sources_1/bd/CPU/ip/CPU_axi_interconnect_0_imp_xbar_0/CPU_axi_interconnect_0_imp_xbar_0.dcp' for cell 'CPU_i/axi_interconnect_0/xbar'
INFO: [Project 1-454] Reading design checkpoint 'c:/Users/germa/Documents/projects/FPGA/New folder/oscilloscope/oscilloscope.gen/sources_1/bd/CPU/ip/CPU_axi_interconnect_0_imp_auto_pc_0/CPU_axi_interconnect_0_imp_auto_pc_0.dcp' for cell 'CPU_i/axi_interconnect_0/m00_couplers/auto_pc'
INFO: [Project 1-454] Reading design checkpoint 'c:/Users/germa/Documents/projects/FPGA/New folder/oscilloscope/oscilloscope.gen/sources_1/bd/CPU/ip/CPU_axi_interconnect_0_imp_auto_pc_1/CPU_axi_interconnect_0_imp_auto_pc_1.dcp' for cell 'CPU_i/axi_interconnect_0/s00_couplers/auto_pc'
Netlist sorting complete. Time (s): cpu = 00:00:00 ; elapsed = 00:00:00.187 . Memory (MB): peak = 835.477 ; gain = 0.000
INFO: [Netlist 29-17] Analyzing 59 Unisim elements for replacement
INFO: [Netlist 29-28] Unisim Transformation completed in 0 CPU seconds
INFO: [Project 1-479] Netlist was created with Vivado 2025.2
INFO: [Project 1-570] Preparing netlist for logic optimization
Parsing XDC File [c:/Users/germa/Documents/projects/FPGA/New folder/oscilloscope/oscilloscope.gen/sources_1/bd/CPU/ip/CPU_processing_system7_0_0/CPU_processing_system7_0_0.xdc] for cell 'CPU_i/processing_system7_0/inst'
Finished Parsing XDC File [c:/Users/germa/Documents/projects/FPGA/New folder/oscilloscope/oscilloscope.gen/sources_1/bd/CPU/ip/CPU_processing_system7_0_0/CPU_processing_system7_0_0.xdc] for cell 'CPU_i/processing_system7_0/inst'
Parsing XDC File [c:/Users/germa/Documents/projects/FPGA/New folder/oscilloscope/oscilloscope.gen/sources_1/bd/CPU/ip/CPU_proc_sys_reset_0_0/CPU_proc_sys_reset_0_0_board.xdc] for cell 'CPU_i/proc_sys_reset_0/U0'
Finished Parsing XDC File [c:/Users/germa/Documents/projects/FPGA/New folder/oscilloscope/oscilloscope.gen/sources_1/bd/CPU/ip/CPU_proc_sys_reset_0_0/CPU_proc_sys_reset_0_0_board.xdc] for cell 'CPU_i/proc_sys_reset_0/U0'
Parsing XDC File [c:/Users/germa/Documents/projects/FPGA/New folder/oscilloscope/oscilloscope.gen/sources_1/bd/CPU/ip/CPU_axi_gpio_0_0/CPU_axi_gpio_0_0_board.xdc] for cell 'CPU_i/axi_gpio_0/U0'
Finished Parsing XDC File [c:/Users/germa/Documents/projects/FPGA/New folder/oscilloscope/oscilloscope.gen/sources_1/bd/CPU/ip/CPU_axi_gpio_0_0/CPU_axi_gpio_0_0_board.xdc] for cell 'CPU_i/axi_gpio_0/U0'
Parsing XDC File [C:/Users/germa/Documents/projects/FPGA/New folder/oscilloscope/oscilloscope.srcs/constrs_1/new/master.xdc]
WARNING: [Vivado 12-584] No ports matched 'sysclk'. [C:/Users/germa/Documents/projects/FPGA/New folder/oscilloscope/oscilloscope.srcs/constrs_1/new/master.xdc:8]
CRITICAL WARNING: [Common 17-55] 'set_property' expects at least one object. [C:/Users/germa/Documents/projects/FPGA/New folder/oscilloscope/oscilloscope.srcs/constrs_1/new/master.xdc:8]
Resolution: If [get_<value>] was used to populate the object, check to make sure this command returns at least one valid object.
WARNING: [Vivado 12-584] No ports matched 'sysclk'. [C:/Users/germa/Documents/projects/FPGA/New folder/oscilloscope/oscilloscope.srcs/constrs_1/new/master.xdc:9]
CRITICAL WARNING: [Vivado 12-4739] create_clock:No valid object(s) found for '-objects [get_ports sysclk]'. [C:/Users/germa/Documents/projects/FPGA/New folder/oscilloscope/oscilloscope.srcs/constrs_1/new/master.xdc:9]
Resolution: Check if the specified object(s) exists in the current design. If it does, ensure that the correct design hierarchy was specified for the object. If you are working with clocks, make sure create_clock was used to create the clock object before it is referenced.
WARNING: [Vivado 12-584] No ports matched 'sw[0]'. [C:/Users/germa/Documents/projects/FPGA/New folder/oscilloscope/oscilloscope.srcs/constrs_1/new/master.xdc:13]
CRITICAL WARNING: [Common 17-55] 'set_property' expects at least one object. [C:/Users/germa/Documents/projects/FPGA/New folder/oscilloscope/oscilloscope.srcs/constrs_1/new/master.xdc:13]
Resolution: If [get_<value>] was used to populate the object, check to make sure this command returns at least one valid object.
WARNING: [Vivado 12-584] No ports matched 'sw[1]'. [C:/Users/germa/Documents/projects/FPGA/New folder/oscilloscope/oscilloscope.srcs/constrs_1/new/master.xdc:14]
CRITICAL WARNING: [Common 17-55] 'set_property' expects at least one object. [C:/Users/germa/Documents/projects/FPGA/New folder/oscilloscope/oscilloscope.srcs/constrs_1/new/master.xdc:14]
Resolution: If [get_<value>] was used to populate the object, check to make sure this command returns at least one valid object.
WARNING: [Vivado 12-584] No ports matched 'led[0]'. [C:/Users/germa/Documents/projects/FPGA/New folder/oscilloscope/oscilloscope.srcs/constrs_1/new/master.xdc:27]
CRITICAL WARNING: [Common 17-55] 'set_property' expects at least one object. [C:/Users/germa/Documents/projects/FPGA/New folder/oscilloscope/oscilloscope.srcs/constrs_1/new/master.xdc:27]
Resolution: If [get_<value>] was used to populate the object, check to make sure this command returns at least one valid object.
WARNING: [Vivado 12-584] No ports matched 'led[1]'. [C:/Users/germa/Documents/projects/FPGA/New folder/oscilloscope/oscilloscope.srcs/constrs_1/new/master.xdc:28]
CRITICAL WARNING: [Common 17-55] 'set_property' expects at least one object. [C:/Users/germa/Documents/projects/FPGA/New folder/oscilloscope/oscilloscope.srcs/constrs_1/new/master.xdc:28]
Resolution: If [get_<value>] was used to populate the object, check to make sure this command returns at least one valid object.
WARNING: [Vivado 12-584] No ports matched 'led[2]'. [C:/Users/germa/Documents/projects/FPGA/New folder/oscilloscope/oscilloscope.srcs/constrs_1/new/master.xdc:29]
CRITICAL WARNING: [Common 17-55] 'set_property' expects at least one object. [C:/Users/germa/Documents/projects/FPGA/New folder/oscilloscope/oscilloscope.srcs/constrs_1/new/master.xdc:29]
Resolution: If [get_<value>] was used to populate the object, check to make sure this command returns at least one valid object.
WARNING: [Vivado 12-584] No ports matched 'led[3]'. [C:/Users/germa/Documents/projects/FPGA/New folder/oscilloscope/oscilloscope.srcs/constrs_1/new/master.xdc:30]
CRITICAL WARNING: [Common 17-55] 'set_property' expects at least one object. [C:/Users/germa/Documents/projects/FPGA/New folder/oscilloscope/oscilloscope.srcs/constrs_1/new/master.xdc:30]
Resolution: If [get_<value>] was used to populate the object, check to make sure this command returns at least one valid object.
WARNING: [Vivado 12-584] No ports matched 'btn[0]'. [C:/Users/germa/Documents/projects/FPGA/New folder/oscilloscope/oscilloscope.srcs/constrs_1/new/master.xdc:34]
CRITICAL WARNING: [Common 17-55] 'set_property' expects at least one object. [C:/Users/germa/Documents/projects/FPGA/New folder/oscilloscope/oscilloscope.srcs/constrs_1/new/master.xdc:34]
Resolution: If [get_<value>] was used to populate the object, check to make sure this command returns at least one valid object.
WARNING: [Vivado 12-584] No ports matched 'btn[1]'. [C:/Users/germa/Documents/projects/FPGA/New folder/oscilloscope/oscilloscope.srcs/constrs_1/new/master.xdc:35]
CRITICAL WARNING: [Common 17-55] 'set_property' expects at least one object. [C:/Users/germa/Documents/projects/FPGA/New folder/oscilloscope/oscilloscope.srcs/constrs_1/new/master.xdc:35]
Resolution: If [get_<value>] was used to populate the object, check to make sure this command returns at least one valid object.
WARNING: [Vivado 12-584] No ports matched 'btn[2]'. [C:/Users/germa/Documents/projects/FPGA/New folder/oscilloscope/oscilloscope.srcs/constrs_1/new/master.xdc:36]
CRITICAL WARNING: [Common 17-55] 'set_property' expects at least one object. [C:/Users/germa/Documents/projects/FPGA/New folder/oscilloscope/oscilloscope.srcs/constrs_1/new/master.xdc:36]
Resolution: If [get_<value>] was used to populate the object, check to make sure this command returns at least one valid object.
WARNING: [Vivado 12-584] No ports matched 'btn[3]'. [C:/Users/germa/Documents/projects/FPGA/New folder/oscilloscope/oscilloscope.srcs/constrs_1/new/master.xdc:37]
CRITICAL WARNING: [Common 17-55] 'set_property' expects at least one object. [C:/Users/germa/Documents/projects/FPGA/New folder/oscilloscope/oscilloscope.srcs/constrs_1/new/master.xdc:37]
Resolution: If [get_<value>] was used to populate the object, check to make sure this command returns at least one valid object.
Finished Parsing XDC File [C:/Users/germa/Documents/projects/FPGA/New folder/oscilloscope/oscilloscope.srcs/constrs_1/new/master.xdc]
INFO: [Project 1-1714] 4 XPM XDC files have been applied to the design.
INFO: [Opt 31-138] Pushed 0 inverter(s) to 0 load pin(s).
Generating merged BMM file for the design top 'CPU_wrapper'...
Netlist sorting complete. Time (s): cpu = 00:00:00 ; elapsed = 00:00:00.008 . Memory (MB): peak = 1551.484 ; gain = 0.000
INFO: [Project 1-111] Unisim Transformation Summary:
  A total of 4 instances were transformed.
  IOBUF => IOBUF (IBUF, OBUFT): 4 instances

20 Infos, 12 Warnings, 12 Critical Warnings and 0 Errors encountered.
link_design completed successfully
link_design: Time (s): cpu = 00:00:24 ; elapsed = 00:00:32 . Memory (MB): peak = 1551.484 ; gain = 982.855
Command: opt_design
Attempting to get a license for feature 'Implementation' and/or device 'xc7z020'
INFO: [Common 17-349] Got license for feature 'Implementation' and/or device 'xc7z020'
Running DRC as a precondition to command opt_design

Starting DRC Task
INFO: [DRC 23-27] Running DRC with 2 threads
INFO: [Project 1-461] DRC finished with 0 Errors
INFO: [Project 1-462] Please refer to the DRC report (report_drc) for more information.

Time (s): cpu = 00:00:01 ; elapsed = 00:00:01 . Memory (MB): peak = 1551.484 ; gain = 0.000

Starting Cache Timing Information Task
INFO: [Timing 38-35] Done setting XDC timing constraints.
Ending Cache Timing Information Task | Checksum: 278756139

Time (s): cpu = 00:00:01 ; elapsed = 00:00:00.312 . Memory (MB): peak = 1551.484 ; gain = 0.000

Starting Logic Optimization Task

Phase 1 Initialization

Phase 1.1 Core Generation And Design Setup
Phase 1.1 Core Generation And Design Setup | Checksum: 278756139

Time (s): cpu = 00:00:00 ; elapsed = 00:00:00.014 . Memory (MB): peak = 1976.020 ; gain = 0.000

Phase 1.2 Setup Constraints And Sort Netlist
Phase 1.2 Setup Constraints And Sort Netlist | Checksum: 278756139

Time (s): cpu = 00:00:00 ; elapsed = 00:00:00.022 . Memory (MB): peak = 1976.020 ; gain = 0.000
Phase 1 Initialization | Checksum: 278756139

Time (s): cpu = 00:00:00 ; elapsed = 00:00:00.025 . Memory (MB): peak = 1976.020 ; gain = 0.000

Phase 2 Timer Update And Timing Data Collection

Phase 2.1 Detect if minReqCache needed
Phase 2.1 Detect if minReqCache needed | Checksum: 278756139

Time (s): cpu = 00:00:00 ; elapsed = 00:00:00.041 . Memory (MB): peak = 1977.031 ; gain = 1.012

Phase 2.2 Timer Update
Phase 2.2 Timer Update | Checksum: 278756139

Time (s): cpu = 00:00:00 ; elapsed = 00:00:00.201 . Memory (MB): peak = 1977.031 ; gain = 1.012

Phase 2.3 Timing Data Collection
Phase 2.3 Timing Data Collection | Checksum: 278756139

Time (s): cpu = 00:00:00 ; elapsed = 00:00:00.214 . Memory (MB): peak = 1977.031 ; gain = 1.012
Phase 2 Timer Update And Timing Data Collection | Checksum: 278756139

Time (s): cpu = 00:00:00 ; elapsed = 00:00:00.217 . Memory (MB): peak = 1977.031 ; gain = 1.012

Phase 3 Retarget
INFO: [Opt 31-1851] Number of loadless carry chains removed were: 0
INFO: [Opt 31-1834] Total Chains To Be Transformed Were: 0 AND Number of Transformed insts Created are: 0
INFO: [Opt 31-1566] Pulled 24 inverters resulting in an inversion of 183 pins
INFO: [Opt 31-138] Pushed 1 inverter(s) to 4 load pin(s).
INFO: [Opt 31-49] Retargeted 0 cell(s).
Phase 3 Retarget | Checksum: 20dd28403

Time (s): cpu = 00:00:00 ; elapsed = 00:00:00.588 . Memory (MB): peak = 1977.031 ; gain = 1.012
Retarget | Checksum: 20dd28403
INFO: [Opt 31-389] Phase Retarget created 8 cells and removed 57 cells
INFO: [Opt 31-1021] In phase Retarget, 8 netlist objects are constrained preventing optimization. Please run opt_design with -debug_log to get more detail. 

Phase 4 Constant propagation
INFO: [Opt 31-138] Pushed 0 inverter(s) to 0 load pin(s).
Phase 4 Constant propagation | Checksum: 19971c606

Time (s): cpu = 00:00:01 ; elapsed = 00:00:00.730 . Memory (MB): peak = 1977.031 ; gain = 1.012
Constant propagation | Checksum: 19971c606
INFO: [Opt 31-389] Phase Constant propagation created 41 cells and removed 120 cells

Phase 5 Sweep
INFO: [Constraints 18-11670] Building netlist checker database with flags, 0x8
Done building netlist checker database: Time (s): cpu = 00:00:00 ; elapsed = 00:00:00.004 . Memory (MB): peak = 1977.031 ; gain = 0.000
INFO: [Constraints 18-11670] Building netlist checker database with flags, 0x8
Done building netlist checker database: Time (s): cpu = 00:00:00 ; elapsed = 00:00:00.004 . Memory (MB): peak = 1977.031 ; gain = 0.000
Phase 5 Sweep | Checksum: 1f79714c5

Time (s): cpu = 00:00:01 ; elapsed = 00:00:01 . Memory (MB): peak = 1977.031 ; gain = 1.012
Sweep | Checksum: 1f79714c5
INFO: [Opt 31-389] Phase Sweep created 0 cells and removed 233 cells

Phase 6 BUFG optimization
Phase 6 BUFG optimization | Checksum: 1f79714c5

Time (s): cpu = 00:00:01 ; elapsed = 00:00:01 . Memory (MB): peak = 1977.031 ; gain = 1.012
BUFG optimization | Checksum: 1f79714c5
INFO: [Opt 31-662] Phase BUFG optimization created 0 cells of which 0 are BUFGs and removed 0 cells.

Phase 7 Shift Register Optimization
INFO: [Opt 31-1064] SRL Remap converted 0 SRLs to 0 registers and converted 0 registers of register chains to 0 SRLs
Phase 7 Shift Register Optimization | Checksum: 1f79714c5

Time (s): cpu = 00:00:01 ; elapsed = 00:00:01 . Memory (MB): peak = 1977.031 ; gain = 1.012
Shift Register Optimization | Checksum: 1f79714c5
INFO: [Opt 31-389] Phase Shift Register Optimization created 0 cells and removed 0 cells

Phase 8 Post Processing Netlist
INFO: [Opt 31-1566] Pulled 1 inverters resulting in an inversion of 1 pins
Phase 8 Post Processing Netlist | Checksum: 19b3ee606

Time (s): cpu = 00:00:01 ; elapsed = 00:00:01 . Memory (MB): peak = 1977.031 ; gain = 1.012
Post Processing Netlist | Checksum: 19b3ee606
INFO: [Opt 31-389] Phase Post Processing Netlist created 0 cells and removed 1 cells

Phase 9 Finalization

Phase 9.1 Finalizing Design Cores and Updating Shapes
Phase 9.1 Finalizing Design Cores and Updating Shapes | Checksum: 209d73dcd

Time (s): cpu = 00:00:02 ; elapsed = 00:00:02 . Memory (MB): peak = 1977.031 ; gain = 1.012

Phase 9.2 Verifying Netlist Connectivity

Starting Connectivity Check Task

Time (s): cpu = 00:00:00 ; elapsed = 00:00:00.022 . Memory (MB): peak = 1977.031 ; gain = 0.000
Phase 9.2 Verifying Netlist Connectivity | Checksum: 209d73dcd

Time (s): cpu = 00:00:02 ; elapsed = 00:00:02 . Memory (MB): peak = 1977.031 ; gain = 1.012
Phase 9 Finalization | Checksum: 209d73dcd

Time (s): cpu = 00:00:02 ; elapsed = 00:00:02 . Memory (MB): peak = 1977.031 ; gain = 1.012
Opt_design Change Summary
=========================


-------------------------------------------------------------------------------------------------------------------------
|  Phase                        |  #Cells created  |  #Cells Removed  |  #Constrained objects preventing optimizations  |
-------------------------------------------------------------------------------------------------------------------------
|  Retarget                     |               8  |              57  |                                              8  |
|  Constant propagation         |              41  |             120  |                                              0  |
|  Sweep                        |               0  |             233  |                                              0  |
|  BUFG optimization            |               0  |               0  |                                              0  |
|  Shift Register Optimization  |               0  |               0  |                                              0  |
|  Post Processing Netlist      |               0  |               1  |                                              0  |
-------------------------------------------------------------------------------------------------------------------------


Ending Logic Optimization Task | Checksum: 209d73dcd

Time (s): cpu = 00:00:02 ; elapsed = 00:00:02 . Memory (MB): peak = 1977.031 ; gain = 1.012

Starting Power Optimization Task
INFO: [Pwropt 34-132] Skipping clock gating for clocks with a period < 2.00 ns.
INFO: [Pwropt 34-9] Applying IDT optimizations ...
INFO: [Pwropt 34-10] Applying ODC optimizations ...
INFO: [Timing 38-35] Done setting XDC timing constraints.
Running Vector-less Activity Propagation...

Finished Running Vector-less Activity Propagation


Starting PowerOpt Patch Enables Task
INFO: [Pwropt 34-162] WRITE_MODE attribute of 2 BRAM(s) out of a total of 2 has been updated to save power. Run report_power_opt to get a complete listing of the BRAMs updated.
INFO: [Pwropt 34-201] Structural ODC has moved 0 WE to EN ports
Number of BRAM Ports augmented: 2 newly gated: 0 Total Ports: 4
Ending PowerOpt Patch Enables Task | Checksum: 1a291580b

Time (s): cpu = 00:00:00 ; elapsed = 00:00:00.106 . Memory (MB): peak = 1977.031 ; gain = 0.000
Ending Power Optimization Task | Checksum: 1a291580b

Time (s): cpu = 00:00:02 ; elapsed = 00:00:03 . Memory (MB): peak = 1977.031 ; gain = 0.000

Starting Final Cleanup Task

Starting Logic Optimization Task
INFO: [Timing 38-35] Done setting XDC timing constraints.
Ending Logic Optimization Task | Checksum: 2ad4645de

Time (s): cpu = 00:00:01 ; elapsed = 00:00:00.679 . Memory (MB): peak = 2007.004 ; gain = 29.973
Ending Final Cleanup Task | Checksum: 2ad4645de

Time (s): cpu = 00:00:07 ; elapsed = 00:00:09 . Memory (MB): peak = 2007.004 ; gain = 29.973
Netlist sorting complete. Time (s): cpu = 00:00:00 ; elapsed = 00:00:00.003 . Memory (MB): peak = 2007.004 ; gain = 0.000
INFO: [Common 17-83] Releasing license: Implementation
50 Infos, 12 Warnings, 12 Critical Warnings and 0 Errors encountered.
opt_design completed successfully
opt_design: Time (s): cpu = 00:00:18 ; elapsed = 00:00:22 . Memory (MB): peak = 2007.004 ; gain = 455.520
INFO: [Vivado 12-24828] Executing command : report_drc -file CPU_wrapper_drc_opted.rpt -pb CPU_wrapper_drc_opted.pb -rpx CPU_wrapper_drc_opted.rpx
Command: report_drc -file CPU_wrapper_drc_opted.rpt -pb CPU_wrapper_drc_opted.pb -rpx CPU_wrapper_drc_opted.rpx
INFO: [IP_Flow 19-1839] IP Catalog is up to date.
INFO: [DRC 23-27] Running DRC with 2 threads
INFO: [Vivado_Tcl 2-168] The results of DRC are in file C:/Users/germa/Documents/projects/FPGA/New folder/oscilloscope/oscilloscope.runs/impl_1/CPU_wrapper_drc_opted.rpt.
report_drc completed successfully
INFO: [Timing 38-480] Writing timing data to binary archive.
Wrote PlaceDB: Time (s): cpu = 00:00:00 ; elapsed = 00:00:00.001 . Memory (MB): peak = 2007.004 ; gain = 0.000
Wrote PulsedLatchDB: Time (s): cpu = 00:00:00 ; elapsed = 00:00:00 . Memory (MB): peak = 2007.004 ; gain = 0.000
Writing XDEF routing.
Write ShapeDB Complete: Time (s): cpu = 00:00:00 ; elapsed = 00:00:00.022 . Memory (MB): peak = 2007.004 ; gain = 0.000
Writing XDEF routing logical nets.
Writing XDEF routing special nets.
Wrote RouteStorage: Time (s): cpu = 00:00:00 ; elapsed = 00:00:00.063 . Memory (MB): peak = 2007.004 ; gain = 0.000
Wrote PlaceStorage: Time (s): cpu = 00:00:00 ; elapsed = 00:00:00.025 . Memory (MB): peak = 2007.004 ; gain = 0.000
Wrote Netlist Cache: Time (s): cpu = 00:00:00 ; elapsed = 00:00:00.004 . Memory (MB): peak = 2007.004 ; gain = 0.000
Wrote Device Cache: Time (s): cpu = 00:00:00 ; elapsed = 00:00:00.024 . Memory (MB): peak = 2007.004 ; gain = 0.000
Write Physdb Complete: Time (s): cpu = 00:00:00 ; elapsed = 00:00:00.143 . Memory (MB): peak = 2007.004 ; gain = 0.000
INFO: [Common 17-1381] The checkpoint 'C:/Users/germa/Documents/projects/FPGA/New folder/oscilloscope/oscilloscope.runs/impl_1/CPU_wrapper_opt.dcp' has been generated.
Command: place_design
Attempting to get a license for feature 'Implementation' and/or device 'xc7z020'
INFO: [Common 17-349] Got license for feature 'Implementation' and/or device 'xc7z020'
INFO: [Common 17-83] Releasing license: Implementation
INFO: [DRC 23-27] Running DRC with 2 threads
INFO: [Vivado_Tcl 4-198] DRC finished with 0 Errors
INFO: [Vivado_Tcl 4-199] Please refer to the DRC report (report_drc) for more information.
INFO: [Timing 38-35] Done setting XDC timing constraints.
Running DRC as a precondition to command place_design
INFO: [DRC 23-27] Running DRC with 2 threads
INFO: [Vivado_Tcl 4-198] DRC finished with 0 Errors
INFO: [Vivado_Tcl 4-199] Please refer to the DRC report (report_drc) for more information.
INFO: [Place 30-611] Multithreading enabled for place_design using a maximum of 2 CPUs

Starting Placer Task

Phase 1 Placer Initialization

Phase 1.1 Placer Initialization Netlist Sorting
Netlist sorting complete. Time (s): cpu = 00:00:00 ; elapsed = 00:00:00.013 . Memory (MB): peak = 2007.004 ; gain = 0.000
Phase 1.1 Placer Initialization Netlist Sorting | Checksum: 1fd7ea7e5

Time (s): cpu = 00:00:00 ; elapsed = 00:00:00.067 . Memory (MB): peak = 2007.004 ; gain = 0.000
Netlist sorting complete. Time (s): cpu = 00:00:00 ; elapsed = 00:00:00.003 . Memory (MB): peak = 2007.004 ; gain = 0.000

Phase 1.2 IO Placement/ Clock Placement/ Build Placer Device
Phase 1.2 IO Placement/ Clock Placement/ Build Placer Device | Checksum: c691a24e

Time (s): cpu = 00:00:01 ; elapsed = 00:00:02 . Memory (MB): peak = 2007.004 ; gain = 0.000

Phase 1.3 Build Placer Netlist Model
Phase 1.3 Build Placer Netlist Model | Checksum: 1748fd3c5

Time (s): cpu = 00:00:03 ; elapsed = 00:00:03 . Memory (MB): peak = 2007.004 ; gain = 0.000

Phase 1.4 Constrain Clocks/Macros
Phase 1.4 Constrain Clocks/Macros | Checksum: 1748fd3c5

Time (s): cpu = 00:00:03 ; elapsed = 00:00:03 . Memory (MB): peak = 2007.004 ; gain = 0.000
Phase 1 Placer Initialization | Checksum: 1748fd3c5

Time (s): cpu = 00:00:03 ; elapsed = 00:00:03 . Memory (MB): peak = 2007.004 ; gain = 0.000

Phase 2 Global Placement

Phase 2.1 Floorplanning
Phase 2.1 Floorplanning | Checksum: 14d58688f

Time (s): cpu = 00:00:04 ; elapsed = 00:00:04 . Memory (MB): peak = 2007.004 ; gain = 0.000

Phase 2.2 Update Timing before SLR Path Opt
Phase 2.2 Update Timing before SLR Path Opt | Checksum: 197cc86c0

Time (s): cpu = 00:00:05 ; elapsed = 00:00:05 . Memory (MB): peak = 2007.004 ; gain = 0.000

Phase 2.3 Post-Processing in Floorplanning
Phase 2.3 Post-Processing in Floorplanning | Checksum: 197cc86c0

Time (s): cpu = 00:00:05 ; elapsed = 00:00:05 . Memory (MB): peak = 2007.004 ; gain = 0.000

Phase 2.4 Global Place Phase1
Phase 2.4 Global Place Phase1 | Checksum: 2006770f8

Time (s): cpu = 00:00:11 ; elapsed = 00:00:09 . Memory (MB): peak = 2007.004 ; gain = 0.000

Phase 2.5 Global Place Phase2

Phase 2.5.1 UpdateTiming Before Physical Synthesis
Phase 2.5.1 UpdateTiming Before Physical Synthesis | Checksum: 156f96afa

Time (s): cpu = 00:00:12 ; elapsed = 00:00:10 . Memory (MB): peak = 2007.004 ; gain = 0.000

Phase 2.5.2 Physical Synthesis In Placer
INFO: [Physopt 32-1035] Found 0 LUTNM shape to break, 57 LUT instances to create LUTNM shape
INFO: [Physopt 32-1044] Break lutnm for timing: one critical 0, two critical 0, total 0, new lutff created 0
INFO: [Physopt 32-1138] End 1 Pass. Optimized 26 nets or LUTs. Breaked 0 LUT, combined 26 existing LUTs and moved 0 existing LUT
INFO: [Physopt 32-65] No nets found for high-fanout optimization.
INFO: [Physopt 32-232] Optimized 0 net. Created 0 new instance.
INFO: [Physopt 32-775] End 1 Pass. Optimized 0 net or cell. Created 0 new cell, deleted 0 existing cell and moved 0 existing cell
INFO: [Physopt 32-670] No setup violation found.  DSP Register Optimization was not performed.
INFO: [Physopt 32-670] No setup violation found.  Shift Register to Pipeline Optimization was not performed.
INFO: [Physopt 32-670] No setup violation found.  Shift Register Optimization was not performed.
INFO: [Physopt 32-670] No setup violation found.  BRAM Register Optimization was not performed.
INFO: [Physopt 32-670] No setup violation found.  URAM Register Optimization was not performed.
INFO: [Physopt 32-949] No candidate nets found for dynamic/static region interface net replication
INFO: [Physopt 32-775] End 1 Pass. Optimized 0 net or cell. Created 0 new cell, deleted 0 existing cell and moved 0 existing cell
Netlist sorting complete. Time (s): cpu = 00:00:00 ; elapsed = 00:00:00.003 . Memory (MB): peak = 2007.004 ; gain = 0.000

Summary of Physical Synthesis Optimizations
============================================


-----------------------------------------------------------------------------------------------------------------------------------------------------------
|  Optimization                                     |  Added Cells  |  Removed Cells  |  Optimized Cells/Nets  |  Dont Touch  |  Iterations  |  Elapsed   |
-----------------------------------------------------------------------------------------------------------------------------------------------------------
|  LUT Combining                                    |            0  |             26  |                    26  |           0  |           1  |  00:00:00  |
|  Retime                                           |            0  |              0  |                     0  |           0  |           1  |  00:00:00  |
|  Very High Fanout                                 |            0  |              0  |                     0  |           0  |           1  |  00:00:00  |
|  DSP Register                                     |            0  |              0  |                     0  |           0  |           0  |  00:00:00  |
|  Shift Register to Pipeline                       |            0  |              0  |                     0  |           0  |           0  |  00:00:00  |
|  Shift Register                                   |            0  |              0  |                     0  |           0  |           0  |  00:00:00  |
|  BRAM Register                                    |            0  |              0  |                     0  |           0  |           0  |  00:00:00  |
|  URAM Register                                    |            0  |              0  |                     0  |           0  |           0  |  00:00:00  |
|  Dynamic/Static Region Interface Net Replication  |            0  |              0  |                     0  |           0  |           1  |  00:00:00  |
|  Total                                            |            0  |             26  |                    26  |           0  |           4  |  00:00:00  |
-----------------------------------------------------------------------------------------------------------------------------------------------------------


Phase 2.5.2 Physical Synthesis In Placer | Checksum: 1d5d6d5ba

Time (s): cpu = 00:00:13 ; elapsed = 00:00:11 . Memory (MB): peak = 2007.004 ; gain = 0.000
Phase 2.5 Global Place Phase2 | Checksum: 1d3e82902

Time (s): cpu = 00:00:13 ; elapsed = 00:00:11 . Memory (MB): peak = 2007.004 ; gain = 0.000
Phase 2 Global Placement | Checksum: 1d3e82902

Time (s): cpu = 00:00:13 ; elapsed = 00:00:11 . Memory (MB): peak = 2007.004 ; gain = 0.000

Phase 3 Detail Placement

Phase 3.1 Commit Multi Column Macros
Phase 3.1 Commit Multi Column Macros | Checksum: 1ae29d9f0

Time (s): cpu = 00:00:14 ; elapsed = 00:00:12 . Memory (MB): peak = 2007.004 ; gain = 0.000

Phase 3.2 Commit Most Macros & LUTRAMs
Phase 3.2 Commit Most Macros & LUTRAMs | Checksum: 1ce20483e

Time (s): cpu = 00:00:16 ; elapsed = 00:00:13 . Memory (MB): peak = 2007.004 ; gain = 0.000

Phase 3.3 Area Swap Optimization
Phase 3.3 Area Swap Optimization | Checksum: 12ae00d06

Time (s): cpu = 00:00:16 ; elapsed = 00:00:13 . Memory (MB): peak = 2007.004 ; gain = 0.000

Phase 3.4 Pipeline Register Optimization
Phase 3.4 Pipeline Register Optimization | Checksum: 1cc6d0e6f

Time (s): cpu = 00:00:16 ; elapsed = 00:00:13 . Memory (MB): peak = 2007.004 ; gain = 0.000

Phase 3.5 Small Shape Detail Placement
Phase 3.5 Small Shape Detail Placement | Checksum: 1726e1774

Time (s): cpu = 00:00:19 ; elapsed = 00:00:18 . Memory (MB): peak = 2007.004 ; gain = 0.000

Phase 3.6 Re-assign LUT pins
Phase 3.6 Re-assign LUT pins | Checksum: 100dff808

Time (s): cpu = 00:00:20 ; elapsed = 00:00:19 . Memory (MB): peak = 2007.004 ; gain = 0.000

Phase 3.7 Pipeline Register Optimization
Phase 3.7 Pipeline Register Optimization | Checksum: 1626af971

Time (s): cpu = 00:00:20 ; elapsed = 00:00:19 . Memory (MB): peak = 2007.004 ; gain = 0.000
Phase 3 Detail Placement | Checksum: 1626af971

Time (s): cpu = 00:00:20 ; elapsed = 00:00:19 . Memory (MB): peak = 2007.004 ; gain = 0.000

Phase 4 Post Placement Optimization and Clean-Up

Phase 4.1 Post Commit Optimization
INFO: [Timing 38-35] Done setting XDC timing constraints.

Phase 4.1.1 Post Placement Optimization
Post Placement Optimization Initialization | Checksum: 172fa1e8c

Phase 4.1.1.1 BUFG Insertion

Starting Physical Synthesis Task

Phase 1 Physical Synthesis Initialization
INFO: [Physopt 32-721] Multithreading enabled for phys_opt_design using a maximum of 2 CPUs
INFO: [Physopt 32-619] Estimated Timing Summary | WNS=0.966 | TNS=0.000 |
Phase 1 Physical Synthesis Initialization | Checksum: 1dcbcc925

Time (s): cpu = 00:00:00 ; elapsed = 00:00:00.053 . Memory (MB): peak = 2007.004 ; gain = 0.000
INFO: [Place 46-56] BUFG insertion identified 0 candidate nets. Inserted BUFG: 0, Replicated BUFG Driver: 0, Skipped due to Placement/Routing Conflicts: 0, Skipped due to Timing Degradation: 0, Skipped due to netlist editing failed: 0.
Ending Physical Synthesis Task | Checksum: 189b1709f

Time (s): cpu = 00:00:00 ; elapsed = 00:00:00.066 . Memory (MB): peak = 2007.004 ; gain = 0.000
Phase 4.1.1.1 BUFG Insertion | Checksum: 172fa1e8c

Time (s): cpu = 00:00:22 ; elapsed = 00:00:20 . Memory (MB): peak = 2007.004 ; gain = 0.000

Phase 4.1.1.2 Post Placement Timing Optimization
INFO: [Place 30-746] Post Placement Timing Summary WNS=0.966. For the most accurate timing information please run report_timing.
Phase 4.1.1.2 Post Placement Timing Optimization | Checksum: 155619ad8

Time (s): cpu = 00:00:22 ; elapsed = 00:00:20 . Memory (MB): peak = 2007.004 ; gain = 0.000

Time (s): cpu = 00:00:22 ; elapsed = 00:00:20 . Memory (MB): peak = 2007.004 ; gain = 0.000
Phase 4.1 Post Commit Optimization | Checksum: 155619ad8

Time (s): cpu = 00:00:22 ; elapsed = 00:00:20 . Memory (MB): peak = 2007.004 ; gain = 0.000

Phase 4.2 Post Placement Cleanup
Phase 4.2 Post Placement Cleanup | Checksum: 155619ad8

Time (s): cpu = 00:00:22 ; elapsed = 00:00:20 . Memory (MB): peak = 2007.004 ; gain = 0.000

Phase 4.3 Placer Reporting

Phase 4.3.1 Print Estimated Congestion
INFO: [Place 30-612] Post-Placement Estimated Congestion 
 ____________________________________________________
|           | Global Congestion | Short Congestion  |
| Direction | Region Size       | Region Size       |
|___________|___________________|___________________|
|      North|                1x1|                1x1|
|___________|___________________|___________________|
|      South|                1x1|                1x1|
|___________|___________________|___________________|
|       East|                1x1|                1x1|
|___________|___________________|___________________|
|       West|                1x1|                1x1|
|___________|___________________|___________________|

Phase 4.3.1 Print Estimated Congestion | Checksum: 155619ad8

Time (s): cpu = 00:00:22 ; elapsed = 00:00:20 . Memory (MB): peak = 2007.004 ; gain = 0.000
Phase 4.3 Placer Reporting | Checksum: 155619ad8

Time (s): cpu = 00:00:22 ; elapsed = 00:00:20 . Memory (MB): peak = 2007.004 ; gain = 0.000

Phase 4.4 Final Placement Cleanup
Netlist sorting complete. Time (s): cpu = 00:00:00 ; elapsed = 00:00:00.002 . Memory (MB): peak = 2007.004 ; gain = 0.000

Time (s): cpu = 00:00:22 ; elapsed = 00:00:20 . Memory (MB): peak = 2007.004 ; gain = 0.000
Phase 4 Post Placement Optimization and Clean-Up | Checksum: 1c45a30ac

Time (s): cpu = 00:00:22 ; elapsed = 00:00:20 . Memory (MB): peak = 2007.004 ; gain = 0.000
Ending Placer Task | Checksum: 148e2687a

Time (s): cpu = 00:00:22 ; elapsed = 00:00:20 . Memory (MB): peak = 2007.004 ; gain = 0.000
85 Infos, 12 Warnings, 12 Critical Warnings and 0 Errors encountered.
place_design completed successfully
place_design: Time (s): cpu = 00:00:25 ; elapsed = 00:00:23 . Memory (MB): peak = 2007.004 ; gain = 0.000
INFO: [Vivado 12-24838] Running report commands "report_control_sets, report_io, report_utilization" in parallel.
Running report generation with 2 threads.
INFO: [Vivado 12-24828] Executing command : report_utilization -file CPU_wrapper_utilization_placed.rpt -pb CPU_wrapper_utilization_placed.pb
INFO: [Vivado 12-24828] Executing command : report_control_sets -verbose -file CPU_wrapper_control_sets_placed.rpt
report_control_sets: Time (s): cpu = 00:00:00 ; elapsed = 00:00:00.016 . Memory (MB): peak = 2007.004 ; gain = 0.000
INFO: [Vivado 12-24828] Executing command : report_io -file CPU_wrapper_io_placed.rpt
report_io: Time (s): cpu = 00:00:00 ; elapsed = 00:00:00.109 . Memory (MB): peak = 2007.004 ; gain = 0.000
INFO: [Timing 38-480] Writing timing data to binary archive.
Wrote PlaceDB: Time (s): cpu = 00:00:00 ; elapsed = 00:00:00.001 . Memory (MB): peak = 2007.004 ; gain = 0.000
Wrote PulsedLatchDB: Time (s): cpu = 00:00:00 ; elapsed = 00:00:00 . Memory (MB): peak = 2007.004 ; gain = 0.000
Writing XDEF routing.
Write ShapeDB Complete: Time (s): cpu = 00:00:00 ; elapsed = 00:00:00.018 . Memory (MB): peak = 2007.004 ; gain = 0.000
Writing XDEF routing logical nets.
Writing XDEF routing special nets.
Wrote RouteStorage: Time (s): cpu = 00:00:00 ; elapsed = 00:00:00.039 . Memory (MB): peak = 2007.004 ; gain = 0.000
Wrote PlaceStorage: Time (s): cpu = 00:00:01 ; elapsed = 00:00:00.148 . Memory (MB): peak = 2007.004 ; gain = 0.000
Wrote Netlist Cache: Time (s): cpu = 00:00:00 ; elapsed = 00:00:00.004 . Memory (MB): peak = 2007.004 ; gain = 0.000
Wrote Device Cache: Time (s): cpu = 00:00:00 ; elapsed = 00:00:00.010 . Memory (MB): peak = 2007.004 ; gain = 0.000
Write Physdb Complete: Time (s): cpu = 00:00:01 ; elapsed = 00:00:00.215 . Memory (MB): peak = 2007.004 ; gain = 0.000
INFO: [Common 17-1381] The checkpoint 'C:/Users/germa/Documents/projects/FPGA/New folder/oscilloscope/oscilloscope.runs/impl_1/CPU_wrapper_placed.dcp' has been generated.
Command: phys_opt_design
Attempting to get a license for feature 'Implementation' and/or device 'xc7z020'
INFO: [Common 17-349] Got license for feature 'Implementation' and/or device 'xc7z020'

Starting Initial Update Timing Task

Time (s): cpu = 00:00:01 ; elapsed = 00:00:00.506 . Memory (MB): peak = 2007.004 ; gain = 0.000
INFO: [Vivado_Tcl 4-2279] Estimated Timing Summary | WNS= 0.966 | TNS= 0.000 | 
INFO: [Vivado_Tcl 4-383] Design worst setup slack (WNS) is greater than or equal to 0.000 ns. All physical synthesis setup optimizations will be skipped.
INFO: [Vivado_Tcl 4-232] No setup violation found. The netlist was not modified.
INFO: [Common 17-83] Releasing license: Implementation
96 Infos, 12 Warnings, 12 Critical Warnings and 0 Errors encountered.
phys_opt_design completed successfully
INFO: [Timing 38-480] Writing timing data to binary archive.
Wrote PlaceDB: Time (s): cpu = 00:00:00 ; elapsed = 00:00:00.001 . Memory (MB): peak = 2007.004 ; gain = 0.000
Wrote PulsedLatchDB: Time (s): cpu = 00:00:00 ; elapsed = 00:00:00.001 . Memory (MB): peak = 2007.004 ; gain = 0.000
Writing XDEF routing.
Write ShapeDB Complete: Time (s): cpu = 00:00:00 ; elapsed = 00:00:00.017 . Memory (MB): peak = 2007.004 ; gain = 0.000
Writing XDEF routing logical nets.
Writing XDEF routing special nets.
Wrote RouteStorage: Time (s): cpu = 00:00:00 ; elapsed = 00:00:00.038 . Memory (MB): peak = 2007.004 ; gain = 0.000
Wrote PlaceStorage: Time (s): cpu = 00:00:00 ; elapsed = 00:00:00.145 . Memory (MB): peak = 2007.004 ; gain = 0.000
Wrote Netlist Cache: Time (s): cpu = 00:00:00 ; elapsed = 00:00:00.006 . Memory (MB): peak = 2007.004 ; gain = 0.000
Wrote Device Cache: Time (s): cpu = 00:00:00 ; elapsed = 00:00:00.010 . Memory (MB): peak = 2007.004 ; gain = 0.000
Write Physdb Complete: Time (s): cpu = 00:00:00 ; elapsed = 00:00:00.213 . Memory (MB): peak = 2007.004 ; gain = 0.000
INFO: [Common 17-1381] The checkpoint 'C:/Users/germa/Documents/projects/FPGA/New folder/oscilloscope/oscilloscope.runs/impl_1/CPU_wrapper_physopt.dcp' has been generated.
Command: route_design
Attempting to get a license for feature 'Implementation' and/or device 'xc7z020'
INFO: [Common 17-349] Got license for feature 'Implementation' and/or device 'xc7z020'


Starting Routing Task
INFO: [Route 35-254] Multithreading enabled for route_design using a maximum of 2 CPUs

Phase 1 Build RT Design
Checksum: PlaceDB: a92bb844 ConstDB: 0 ShapeSum: 89bd3d46 RouteDB: 15f972f0
Post Restoration Checksum: NetGraph: 7ec77143 | NumContArr: b0da63c4 | Constraints: c2a8fa9d | Timing: c2a8fa9d
Phase 1 Build RT Design | Checksum: 2b4f3ca41

Time (s): cpu = 00:00:50 ; elapsed = 00:00:55 . Memory (MB): peak = 2007.004 ; gain = 0.000

Phase 2 Router Initialization

Phase 2.1 Fix Topology Constraints
Phase 2.1 Fix Topology Constraints | Checksum: 2b4f3ca41

Time (s): cpu = 00:00:51 ; elapsed = 00:00:55 . Memory (MB): peak = 2007.004 ; gain = 0.000

Phase 2.2 Pre Route Cleanup
Phase 2.2 Pre Route Cleanup | Checksum: 2b4f3ca41

Time (s): cpu = 00:00:51 ; elapsed = 00:00:55 . Memory (MB): peak = 2007.004 ; gain = 0.000
 Number of Nodes with overlaps = 0

Phase 2.3 Update Timing
Phase 2.3 Update Timing | Checksum: 2bf0fa71c

Time (s): cpu = 00:00:54 ; elapsed = 00:00:57 . Memory (MB): peak = 2007.004 ; gain = 0.000
INFO: [Route 35-416] Intermediate Timing Summary | WNS=0.939  | TNS=0.000  | WHS=-0.298 | THS=-41.273|


Phase 2.4 Soft Constraint Pins - Fast Budgeting
Phase 2.4 Soft Constraint Pins - Fast Budgeting | Checksum: 247c161c0

Time (s): cpu = 00:00:54 ; elapsed = 00:00:58 . Memory (MB): peak = 2007.004 ; gain = 0.000

Router Utilization Summary
  Global Vertical Routing Utilization    = 0 %
  Global Horizontal Routing Utilization  = 0 %
  Routable Net Status*
  *Does not include unroutable nets such as driverless and loadless.
  Run report_route_status for detailed report.
  Number of Failed Nets               = 2871
    (Failed Nets is the sum of unrouted and partially routed nets)
  Number of Unrouted Nets             = 2871
  Number of Partially Routed Nets     = 0
  Number of Node Overlaps             = 0

Phase 2 Router Initialization | Checksum: 2822fa6c4

Time (s): cpu = 00:00:55 ; elapsed = 00:00:58 . Memory (MB): peak = 2007.004 ; gain = 0.000

Phase 3 Global Routing
Phase 3 Global Routing | Checksum: 2822fa6c4

Time (s): cpu = 00:00:55 ; elapsed = 00:00:58 . Memory (MB): peak = 2007.004 ; gain = 0.000

Phase 4 Initial Routing

Phase 4.1 Initial Net Routing Pass
Phase 4.1 Initial Net Routing Pass | Checksum: 1e5532eee

Time (s): cpu = 00:00:55 ; elapsed = 00:00:59 . Memory (MB): peak = 2007.004 ; gain = 0.000
Phase 4 Initial Routing | Checksum: 1e5532eee

Time (s): cpu = 00:00:55 ; elapsed = 00:00:59 . Memory (MB): peak = 2007.004 ; gain = 0.000

Phase 5 Rip-up And Reroute

Phase 5.1 Global Iteration 0
 Number of Nodes with overlaps = 406
 Number of Nodes with overlaps = 104
 Number of Nodes with overlaps = 53
 Number of Nodes with overlaps = 22
 Number of Nodes with overlaps = 11
 Number of Nodes with overlaps = 7
 Number of Nodes with overlaps = 6
 Number of Nodes with overlaps = 3
 Number of Nodes with overlaps = 0
INFO: [Route 35-416] Intermediate Timing Summary | WNS=1.279  | TNS=0.000  | WHS=N/A    | THS=N/A    |

Phase 5.1 Global Iteration 0 | Checksum: 2df5557bb

Time (s): cpu = 00:01:01 ; elapsed = 00:01:06 . Memory (MB): peak = 2007.004 ; gain = 0.000
Phase 5 Rip-up And Reroute | Checksum: 2df5557bb

Time (s): cpu = 00:01:01 ; elapsed = 00:01:06 . Memory (MB): peak = 2007.004 ; gain = 0.000

Phase 6 Delay and Skew Optimization

Phase 6.1 Delay CleanUp

Phase 6.1.1 Update Timing
Phase 6.1.1 Update Timing | Checksum: 2e969dea4

Time (s): cpu = 00:01:02 ; elapsed = 00:01:06 . Memory (MB): peak = 2007.004 ; gain = 0.000
INFO: [Route 35-416] Intermediate Timing Summary | WNS=1.394  | TNS=0.000  | WHS=N/A    | THS=N/A    |

Phase 6.1 Delay CleanUp | Checksum: 2e969dea4

Time (s): cpu = 00:01:02 ; elapsed = 00:01:06 . Memory (MB): peak = 2007.004 ; gain = 0.000

Phase 6.2 Clock Skew Optimization
Phase 6.2 Clock Skew Optimization | Checksum: 2e969dea4

Time (s): cpu = 00:01:02 ; elapsed = 00:01:06 . Memory (MB): peak = 2007.004 ; gain = 0.000
Phase 6 Delay and Skew Optimization | Checksum: 2e969dea4

Time (s): cpu = 00:01:02 ; elapsed = 00:01:06 . Memory (MB): peak = 2007.004 ; gain = 0.000

Phase 7 Post Hold Fix

Phase 7.1 Hold Fix Iter
INFO: [Route 35-416] Intermediate Timing Summary | WNS=1.394  | TNS=0.000  | WHS=0.046  | THS=0.000  |

Phase 7.1 Hold Fix Iter | Checksum: 2aecbf135

Time (s): cpu = 00:01:02 ; elapsed = 00:01:06 . Memory (MB): peak = 2007.004 ; gain = 0.000
Phase 7 Post Hold Fix | Checksum: 2aecbf135

Time (s): cpu = 00:01:02 ; elapsed = 00:01:06 . Memory (MB): peak = 2007.004 ; gain = 0.000

Phase 8 Route finalize

Router Utilization Summary
  Global Vertical Routing Utilization    = 0.564202 %
  Global Horizontal Routing Utilization  = 0.64765 %
  Routable Net Status*
  *Does not include unroutable nets such as driverless and loadless.
  Run report_route_status for detailed report.
  Number of Failed Nets               = 0
    (Failed Nets is the sum of unrouted and partially routed nets)
  Number of Unrouted Nets             = 0
  Number of Partially Routed Nets     = 0
  Number of Node Overlaps             = 0

Phase 8 Route finalize | Checksum: 2aecbf135

Time (s): cpu = 00:01:02 ; elapsed = 00:01:07 . Memory (MB): peak = 2007.004 ; gain = 0.000

Phase 9 Verifying routed nets

 Verification completed successfully
Phase 9 Verifying routed nets | Checksum: 2aecbf135

Time (s): cpu = 00:01:02 ; elapsed = 00:01:07 . Memory (MB): peak = 2007.004 ; gain = 0.000

Phase 10 Depositing Routes
Phase 10 Depositing Routes | Checksum: 22e4dc5ec

Time (s): cpu = 00:01:03 ; elapsed = 00:01:08 . Memory (MB): peak = 2007.004 ; gain = 0.000

Phase 11 Post Process Routing
Phase 11 Post Process Routing | Checksum: 22e4dc5ec

Time (s): cpu = 00:01:03 ; elapsed = 00:01:08 . Memory (MB): peak = 2007.004 ; gain = 0.000

Phase 12 Post Router Timing
INFO: [Route 35-57] Estimated Timing Summary | WNS=1.394  | TNS=0.000  | WHS=0.046  | THS=0.000  |

INFO: [Route 35-327] The final timing numbers are based on the router estimated timing analysis. For a complete and accurate timing signoff, please run report_timing_summary.
Phase 12 Post Router Timing | Checksum: 22e4dc5ec

Time (s): cpu = 00:01:03 ; elapsed = 00:01:08 . Memory (MB): peak = 2007.004 ; gain = 0.000
Total Elapsed time in route_design: 67.678 secs

Phase 13 Post-Route Event Processing
Phase 13 Post-Route Event Processing | Checksum: 2112f4f7e

Time (s): cpu = 00:01:03 ; elapsed = 00:01:08 . Memory (MB): peak = 2007.004 ; gain = 0.000
INFO: [Route 35-16] Router Completed Successfully
Ending Routing Task | Checksum: 2112f4f7e

Time (s): cpu = 00:01:03 ; elapsed = 00:01:08 . Memory (MB): peak = 2007.004 ; gain = 0.000

Routing Is Done.
INFO: [Common 17-83] Releasing license: Implementation
108 Infos, 12 Warnings, 12 Critical Warnings and 0 Errors encountered.
route_design completed successfully
route_design: Time (s): cpu = 00:01:03 ; elapsed = 00:01:08 . Memory (MB): peak = 2007.004 ; gain = 0.000
INFO: [Vivado 12-24828] Executing command : report_drc -file CPU_wrapper_drc_routed.rpt -pb CPU_wrapper_drc_routed.pb -rpx CPU_wrapper_drc_routed.rpx
Command: report_drc -file CPU_wrapper_drc_routed.rpt -pb CPU_wrapper_drc_routed.pb -rpx CPU_wrapper_drc_routed.rpx
INFO: [IP_Flow 19-1839] IP Catalog is up to date.
INFO: [DRC 23-27] Running DRC with 2 threads
INFO: [Vivado_Tcl 2-168] The results of DRC are in file C:/Users/germa/Documents/projects/FPGA/New folder/oscilloscope/oscilloscope.runs/impl_1/CPU_wrapper_drc_routed.rpt.
report_drc completed successfully
INFO: [Vivado 12-24828] Executing command : report_methodology -file CPU_wrapper_methodology_drc_routed.rpt -pb CPU_wrapper_methodology_drc_routed.pb -rpx CPU_wrapper_methodology_drc_routed.rpx
Command: report_methodology -file CPU_wrapper_methodology_drc_routed.rpt -pb CPU_wrapper_methodology_drc_routed.pb -rpx CPU_wrapper_methodology_drc_routed.rpx
INFO: [Timing 38-35] Done setting XDC timing constraints.
INFO: [DRC 23-133] Running Methodology with 2 threads
INFO: [Vivado_Tcl 2-1520] The results of Report Methodology are in file C:/Users/germa/Documents/projects/FPGA/New folder/oscilloscope/oscilloscope.runs/impl_1/CPU_wrapper_methodology_drc_routed.rpt.
report_methodology completed successfully
INFO: [Vivado 12-24828] Executing command : report_timing_summary -max_paths 10 -routable_nets -report_unconstrained -file CPU_wrapper_timing_summary_routed.rpt -pb CPU_wrapper_timing_summary_routed.pb -rpx CPU_wrapper_timing_summary_routed.rpx -warn_on_violation 
INFO: [Timing 38-35] Done setting XDC timing constraints.
INFO: [Timing 38-91] UpdateTimingParams: Speed grade: -1, Delay Type: min_max.
INFO: [Timing 38-191] Multithreading enabled for timing update using a maximum of 2 CPUs
INFO: [Vivado 12-24838] Running report commands "report_incremental_reuse, report_route_status" in parallel.
Running report generation with 2 threads.
INFO: [Vivado 12-24828] Executing command : report_incremental_reuse -file CPU_wrapper_incremental_reuse_routed.rpt
INFO: [Vivado_Tcl 4-1062] Incremental flow is disabled. No incremental reuse Info to report.
INFO: [Vivado 12-24828] Executing command : report_route_status -file CPU_wrapper_route_status.rpt -pb CPU_wrapper_route_status.pb
INFO: [Vivado 12-24828] Executing command : report_power -file CPU_wrapper_power_routed.rpt -pb CPU_wrapper_power_summary_routed.pb -rpx CPU_wrapper_power_routed.rpx
Command: report_power -file CPU_wrapper_power_routed.rpt -pb CPU_wrapper_power_summary_routed.pb -rpx CPU_wrapper_power_routed.rpx
Running Vector-less Activity Propagation...

Finished Running Vector-less Activity Propagation
125 Infos, 12 Warnings, 12 Critical Warnings and 0 Errors encountered.
report_power completed successfully
INFO: [Vivado 12-24828] Executing command : report_clock_utilization -file CPU_wrapper_clock_utilization_routed.rpt
INFO: [Vivado 12-24828] Executing command : report_bus_skew -warn_on_violation -file CPU_wrapper_bus_skew_routed.rpt -pb CPU_wrapper_bus_skew_routed.pb -rpx CPU_wrapper_bus_skew_routed.rpx
INFO: [Timing 38-91] UpdateTimingParams: Speed grade: -1, Delay Type: min_max.
INFO: [Timing 38-191] Multithreading enabled for timing update using a maximum of 2 CPUs
generate_parallel_reports: Time (s): cpu = 00:00:14 ; elapsed = 00:00:12 . Memory (MB): peak = 2007.004 ; gain = 0.000
Wrote PlaceDB: Time (s): cpu = 00:00:00 ; elapsed = 00:00:00 . Memory (MB): peak = 2007.004 ; gain = 0.000
INFO: [Timing 38-480] Writing timing data to binary archive.
Wrote PulsedLatchDB: Time (s): cpu = 00:00:00 ; elapsed = 00:00:00.005 . Memory (MB): peak = 2007.004 ; gain = 0.000
Writing XDEF routing.
Write ShapeDB Complete: Time (s): cpu = 00:00:00 ; elapsed = 00:00:00.057 . Memory (MB): peak = 2007.004 ; gain = 0.000
Writing XDEF routing logical nets.
Writing XDEF routing special nets.
Wrote RouteStorage: Time (s): cpu = 00:00:00 ; elapsed = 00:00:00.238 . Memory (MB): peak = 2007.004 ; gain = 0.000
Wrote PlaceStorage: Time (s): cpu = 00:00:01 ; elapsed = 00:00:00.418 . Memory (MB): peak = 2007.004 ; gain = 0.000
Wrote Netlist Cache: Time (s): cpu = 00:00:00 ; elapsed = 00:00:00.013 . Memory (MB): peak = 2007.004 ; gain = 0.000
Wrote Device Cache: Time (s): cpu = 00:00:00 ; elapsed = 00:00:00.048 . Memory (MB): peak = 2007.004 ; gain = 0.000
Write Physdb Complete: Time (s): cpu = 00:00:01 ; elapsed = 00:00:00.762 . Memory (MB): peak = 2007.004 ; gain = 0.000
INFO: [Common 17-1381] The checkpoint 'C:/Users/germa/Documents/projects/FPGA/New folder/oscilloscope/oscilloscope.runs/impl_1/CPU_wrapper_routed.dcp' has been generated.
INFO: [Common 17-206] Exiting Vivado at Mon Oct  5 19:26:36 2026...

*** Running vivado
    with args -log CPU_wrapper.vdi -applog -m64 -product Vivado -messageDb vivado.pb -mode batch -source CPU_wrapper.tcl -notrace



****** Vivado v2025.2 (64-bit)
  **** SW Build 6299465 on Fri Nov 14 19:35:11 GMT 2025
  **** IP Build 6300035 on Fri Nov 14 10:48:45 MST 2025
  **** SharedData Build 6298862 on Thu Nov 13 04:50:51 MST 2025
  **** Start of session at: Mon Oct  5 19:27:00 2026
    ** Copyright 1986-2022 Xilinx, Inc. All Rights Reserved.
    ** Copyright 2022-2025 Advanced Micro Devices, Inc. All Rights Reserved.

source CPU_wrapper.tcl -notrace
Command: open_checkpoint CPU_wrapper_routed.dcp
INFO: [Device 21-403] Loading part xc7z020clg400-1
Netlist sorting complete. Time (s): cpu = 00:00:00 ; elapsed = 00:00:00.168 . Memory (MB): peak = 800.434 ; gain = 0.000
INFO: [Netlist 29-17] Analyzing 59 Unisim elements for replacement
INFO: [Netlist 29-28] Unisim Transformation completed in 0 CPU seconds
INFO: [Project 1-479] Netlist was created with Vivado 2025.2
INFO: [Project 1-570] Preparing netlist for logic optimization
Read ShapeDB Complete: Time (s): cpu = 00:00:00 ; elapsed = 00:00:00.030 . Memory (MB): peak = 899.598 ; gain = 0.844
INFO: [Timing 38-478] Restoring timing data from binary archive.
INFO: [Timing 38-479] Binary timing data restore complete.
INFO: [Project 1-856] Restoring constraints from binary archive.
INFO: [Project 1-853] Binary constraint restore complete.
INFO: [Designutils 20-5722] Start Reading Physical Databases.
Reading placement.
Read Netlist Cache: Time (s): cpu = 00:00:00 ; elapsed = 00:00:00.009 . Memory (MB): peak = 1506.105 ; gain = 0.000
Reading placer database...
Read Device Cache: Time (s): cpu = 00:00:00 ; elapsed = 00:00:00.029 . Memory (MB): peak = 1506.105 ; gain = 0.000
Read PlaceDB: Time (s): cpu = 00:00:00 ; elapsed = 00:00:00 . Memory (MB): peak = 1506.105 ; gain = 0.000
Read placeStorage: Time (s): cpu = 00:00:00 ; elapsed = 00:00:00.269 . Memory (MB): peak = 1506.105 ; gain = 0.000
Read PulsedLatchDB: Time (s): cpu = 00:00:00 ; elapsed = 00:00:00 . Memory (MB): peak = 1506.105 ; gain = 0.000
Reading routing.
Read RouteStorage: Time (s): cpu = 00:00:00 ; elapsed = 00:00:00.073 . Memory (MB): peak = 1506.105 ; gain = 0.000
Read Physdb Files: Time (s): cpu = 00:00:00 ; elapsed = 00:00:00.411 . Memory (MB): peak = 1506.105 ; gain = 0.000
Restored from archive | CPU: 0.000000 secs | Memory: 0.000000 MB |
Finished XDEF File Restore: Time (s): cpu = 00:00:00 ; elapsed = 00:00:00.552 . Memory (MB): peak = 1506.105 ; gain = 8.566
Netlist sorting complete. Time (s): cpu = 00:00:00 ; elapsed = 00:00:00.003 . Memory (MB): peak = 1506.105 ; gain = 0.000
INFO: [Project 1-111] Unisim Transformation Summary:
  A total of 6 instances were transformed.
  IOBUF => IOBUF (IBUF, OBUFT): 4 instances
  SRLC32E => SRL16E: 2 instances

INFO: [Project 1-604] Checkpoint was created with Vivado v2025.2 (64-bit) build 6299465
open_checkpoint: Time (s): cpu = 00:00:31 ; elapsed = 00:00:40 . Memory (MB): peak = 1506.105 ; gain = 1193.352
Command: write_bitstream -force CPU_wrapper.bit
Attempting to get a license for feature 'Implementation' and/or device 'xc7z020'
INFO: [Common 17-349] Got license for feature 'Implementation' and/or device 'xc7z020'
Running DRC as a precondition to command write_bitstream
INFO: [IP_Flow 19-234] Refreshing IP repositories
INFO: [IP_Flow 19-1704] No user IP repositories specified
INFO: [IP_Flow 19-2313] Loaded Vivado IP repository 'C:/AMDDesignTools/2025.2/Vivado/data/ip'.
INFO: [DRC 23-27] Running DRC with 2 threads
INFO: [Vivado 12-3199] DRC finished with 0 Errors
INFO: [Vivado 12-3200] Please refer to the DRC report (report_drc) for more information.
Integrating Hard IP ELF/MEM with the PDI.
INFO: [Designutils 20-2272] Running write_bitstream with 2 threads.
Loading data files...
Loading site data...
Loading route data...
Processing options...
Creating bitmap...
Creating bitstream...
Writing bitstream ./CPU_wrapper.bit...
INFO: [Vivado 12-1842] Bitgen Completed Successfully.
INFO: [Common 17-83] Releasing license: Implementation
22 Infos, 0 Warnings, 0 Critical Warnings and 0 Errors encountered.
write_bitstream completed successfully
write_bitstream: Time (s): cpu = 00:00:23 ; elapsed = 00:00:25 . Memory (MB): peak = 2031.984 ; gain = 525.879
INFO: [Common 17-206] Exiting Vivado at Mon Oct  5 19:28:12 2026...
