
*** Running vivado
    with args -log CPU_axi_interconnect_0_imp_xbar_0.vds -m64 -product Vivado -mode batch -messageDb vivado.pb -notrace -source CPU_axi_interconnect_0_imp_xbar_0.tcl



****** Vivado v2025.2 (64-bit)
  **** SW Build 6299465 on Fri Nov 14 19:35:11 GMT 2025
  **** IP Build 6300035 on Fri Nov 14 10:48:45 MST 2025
  **** SharedData Build 6298862 on Thu Nov 13 04:50:51 MST 2025
  **** Start of session at: Mon Oct  5 19:16:51 2026
    ** Copyright 1986-2022 Xilinx, Inc. All Rights Reserved.
    ** Copyright 2022-2025 Advanced Micro Devices, Inc. All Rights Reserved.

source CPU_axi_interconnect_0_imp_xbar_0.tcl -notrace
create_project: Time (s): cpu = 00:00:09 ; elapsed = 00:00:07 . Memory (MB): peak = 531.035 ; gain = 219.383
Command: synth_design -top CPU_axi_interconnect_0_imp_xbar_0 -part xc7z020clg400-1 -incremental_mode off -mode out_of_context
Starting synth_design
Attempting to get a license for feature 'Synthesis' and/or device 'xc7z020'
INFO: [Common 17-349] Got license for feature 'Synthesis' and/or device 'xc7z020'
INFO: [Device 21-403] Loading part xc7z020clg400-1
INFO: [Synth 8-7079] Multithreading enabled for synth_design using a maximum of 2 processes.
INFO: [Synth 8-7078] Launching helper process for spawning children vivado processes
INFO: [Synth 8-7075] Helper process launched with PID 35176
---------------------------------------------------------------------------------
Starting RTL Elaboration : Time (s): cpu = 00:00:08 ; elapsed = 00:00:08 . Memory (MB): peak = 1331.012 ; gain = 540.352
---------------------------------------------------------------------------------
INFO: [Synth 8-6157] synthesizing module 'CPU_axi_interconnect_0_imp_xbar_0' [c:/Users/germa/Documents/projects/FPGA/New folder/oscilloscope/oscilloscope.gen/sources_1/bd/CPU/ip/CPU_axi_interconnect_0_imp_xbar_0/synth/CPU_axi_interconnect_0_imp_xbar_0.v:53]
INFO: [Synth 8-6157] synthesizing module 'axi_crossbar_v2_1_38_axi_crossbar' [c:/Users/germa/Documents/projects/FPGA/New folder/oscilloscope/oscilloscope.gen/sources_1/bd/CPU/ipshared/f084/hdl/axi_crossbar_v2_1_vl_rfs.v:4871]
INFO: [Synth 8-6157] synthesizing module 'axi_crossbar_v2_1_38_crossbar' [c:/Users/germa/Documents/projects/FPGA/New folder/oscilloscope/oscilloscope.gen/sources_1/bd/CPU/ipshared/f084/hdl/axi_crossbar_v2_1_vl_rfs.v:2232]
INFO: [Synth 8-6157] synthesizing module 'axi_crossbar_v2_1_38_si_transactor' [c:/Users/germa/Documents/projects/FPGA/New folder/oscilloscope/oscilloscope.gen/sources_1/bd/CPU/ipshared/f084/hdl/axi_crossbar_v2_1_vl_rfs.v:3791]
INFO: [Synth 8-6157] synthesizing module 'axi_crossbar_v2_1_38_addr_decoder' [c:/Users/germa/Documents/projects/FPGA/New folder/oscilloscope/oscilloscope.gen/sources_1/bd/CPU/ipshared/f084/hdl/axi_crossbar_v2_1_vl_rfs.v:790]
INFO: [Synth 8-6157] synthesizing module 'generic_baseblocks_v2_1_2_comparator_static' [c:/Users/germa/Documents/projects/FPGA/New folder/oscilloscope/oscilloscope.gen/sources_1/bd/CPU/ipshared/0c28/hdl/generic_baseblocks_v2_1_vl_rfs.v:2119]
INFO: [Synth 8-6157] synthesizing module 'generic_baseblocks_v2_1_2_carry_and' [c:/Users/germa/Documents/projects/FPGA/New folder/oscilloscope/oscilloscope.gen/sources_1/bd/CPU/ipshared/0c28/hdl/generic_baseblocks_v2_1_vl_rfs.v:60]
INFO: [Synth 8-6155] done synthesizing module 'generic_baseblocks_v2_1_2_carry_and' (0#1) [c:/Users/germa/Documents/projects/FPGA/New folder/oscilloscope/oscilloscope.gen/sources_1/bd/CPU/ipshared/0c28/hdl/generic_baseblocks_v2_1_vl_rfs.v:60]
INFO: [Synth 8-6155] done synthesizing module 'generic_baseblocks_v2_1_2_comparator_static' (0#1) [c:/Users/germa/Documents/projects/FPGA/New folder/oscilloscope/oscilloscope.gen/sources_1/bd/CPU/ipshared/0c28/hdl/generic_baseblocks_v2_1_vl_rfs.v:2119]
INFO: [Synth 8-6157] synthesizing module 'generic_baseblocks_v2_1_2_comparator_static__parameterized0' [c:/Users/germa/Documents/projects/FPGA/New folder/oscilloscope/oscilloscope.gen/sources_1/bd/CPU/ipshared/0c28/hdl/generic_baseblocks_v2_1_vl_rfs.v:2119]
INFO: [Synth 8-6155] done synthesizing module 'generic_baseblocks_v2_1_2_comparator_static__parameterized0' (0#1) [c:/Users/germa/Documents/projects/FPGA/New folder/oscilloscope/oscilloscope.gen/sources_1/bd/CPU/ipshared/0c28/hdl/generic_baseblocks_v2_1_vl_rfs.v:2119]
INFO: [Synth 8-6155] done synthesizing module 'axi_crossbar_v2_1_38_addr_decoder' (0#1) [c:/Users/germa/Documents/projects/FPGA/New folder/oscilloscope/oscilloscope.gen/sources_1/bd/CPU/ipshared/f084/hdl/axi_crossbar_v2_1_vl_rfs.v:790]
INFO: [Synth 8-6157] synthesizing module 'axi_data_fifo_v2_1_36_axic_srl_fifo' [c:/Users/germa/Documents/projects/FPGA/New folder/oscilloscope/oscilloscope.gen/sources_1/bd/CPU/ipshared/fb46/hdl/axi_data_fifo_v2_1_vl_rfs.v:694]
INFO: [Synth 8-6157] synthesizing module 'axi_data_fifo_v2_1_36_ndeep_srl' [c:/Users/germa/Documents/projects/FPGA/New folder/oscilloscope/oscilloscope.gen/sources_1/bd/CPU/ipshared/fb46/hdl/axi_data_fifo_v2_1_vl_rfs.v:1129]
INFO: [Synth 8-6157] synthesizing module 'SRLC32E' [C:/AMDDesignTools/2025.2/Vivado/scripts/rt/data/unisim_comp.v:165484]
INFO: [Synth 8-6155] done synthesizing module 'SRLC32E' (0#1) [C:/AMDDesignTools/2025.2/Vivado/scripts/rt/data/unisim_comp.v:165484]
INFO: [Synth 8-6155] done synthesizing module 'axi_data_fifo_v2_1_36_ndeep_srl' (0#1) [c:/Users/germa/Documents/projects/FPGA/New folder/oscilloscope/oscilloscope.gen/sources_1/bd/CPU/ipshared/fb46/hdl/axi_data_fifo_v2_1_vl_rfs.v:1129]
INFO: [Synth 8-6155] done synthesizing module 'axi_data_fifo_v2_1_36_axic_srl_fifo' (0#1) [c:/Users/germa/Documents/projects/FPGA/New folder/oscilloscope/oscilloscope.gen/sources_1/bd/CPU/ipshared/fb46/hdl/axi_data_fifo_v2_1_vl_rfs.v:694]
INFO: [Synth 8-6157] synthesizing module 'axi_crossbar_v2_1_38_arbiter_resp' [c:/Users/germa/Documents/projects/FPGA/New folder/oscilloscope/oscilloscope.gen/sources_1/bd/CPU/ipshared/f084/hdl/axi_crossbar_v2_1_vl_rfs.v:1020]
INFO: [Synth 8-6155] done synthesizing module 'axi_crossbar_v2_1_38_arbiter_resp' (0#1) [c:/Users/germa/Documents/projects/FPGA/New folder/oscilloscope/oscilloscope.gen/sources_1/bd/CPU/ipshared/f084/hdl/axi_crossbar_v2_1_vl_rfs.v:1020]
INFO: [Synth 8-6157] synthesizing module 'generic_baseblocks_v2_1_2_mux_enc' [c:/Users/germa/Documents/projects/FPGA/New folder/oscilloscope/oscilloscope.gen/sources_1/bd/CPU/ipshared/0c28/hdl/generic_baseblocks_v2_1_vl_rfs.v:2436]
INFO: [Synth 8-6155] done synthesizing module 'generic_baseblocks_v2_1_2_mux_enc' (0#1) [c:/Users/germa/Documents/projects/FPGA/New folder/oscilloscope/oscilloscope.gen/sources_1/bd/CPU/ipshared/0c28/hdl/generic_baseblocks_v2_1_vl_rfs.v:2436]
INFO: [Synth 8-6155] done synthesizing module 'axi_crossbar_v2_1_38_si_transactor' (0#1) [c:/Users/germa/Documents/projects/FPGA/New folder/oscilloscope/oscilloscope.gen/sources_1/bd/CPU/ipshared/f084/hdl/axi_crossbar_v2_1_vl_rfs.v:3791]
INFO: [Synth 8-6157] synthesizing module 'axi_crossbar_v2_1_38_si_transactor__parameterized0' [c:/Users/germa/Documents/projects/FPGA/New folder/oscilloscope/oscilloscope.gen/sources_1/bd/CPU/ipshared/f084/hdl/axi_crossbar_v2_1_vl_rfs.v:3791]
INFO: [Synth 8-6157] synthesizing module 'generic_baseblocks_v2_1_2_mux_enc__parameterized0' [c:/Users/germa/Documents/projects/FPGA/New folder/oscilloscope/oscilloscope.gen/sources_1/bd/CPU/ipshared/0c28/hdl/generic_baseblocks_v2_1_vl_rfs.v:2436]
INFO: [Synth 8-6155] done synthesizing module 'generic_baseblocks_v2_1_2_mux_enc__parameterized0' (0#1) [c:/Users/germa/Documents/projects/FPGA/New folder/oscilloscope/oscilloscope.gen/sources_1/bd/CPU/ipshared/0c28/hdl/generic_baseblocks_v2_1_vl_rfs.v:2436]
INFO: [Synth 8-6155] done synthesizing module 'axi_crossbar_v2_1_38_si_transactor__parameterized0' (0#1) [c:/Users/germa/Documents/projects/FPGA/New folder/oscilloscope/oscilloscope.gen/sources_1/bd/CPU/ipshared/f084/hdl/axi_crossbar_v2_1_vl_rfs.v:3791]
INFO: [Synth 8-6157] synthesizing module 'axi_crossbar_v2_1_38_splitter' [c:/Users/germa/Documents/projects/FPGA/New folder/oscilloscope/oscilloscope.gen/sources_1/bd/CPU/ipshared/f084/hdl/axi_crossbar_v2_1_vl_rfs.v:4451]
INFO: [Synth 8-6155] done synthesizing module 'axi_crossbar_v2_1_38_splitter' (0#1) [c:/Users/germa/Documents/projects/FPGA/New folder/oscilloscope/oscilloscope.gen/sources_1/bd/CPU/ipshared/f084/hdl/axi_crossbar_v2_1_vl_rfs.v:4451]
INFO: [Synth 8-6157] synthesizing module 'axi_crossbar_v2_1_38_wdata_router' [c:/Users/germa/Documents/projects/FPGA/New folder/oscilloscope/oscilloscope.gen/sources_1/bd/CPU/ipshared/f084/hdl/axi_crossbar_v2_1_vl_rfs.v:4724]
INFO: [Synth 8-6157] synthesizing module 'axi_data_fifo_v2_1_36_axic_reg_srl_fifo' [c:/Users/germa/Documents/projects/FPGA/New folder/oscilloscope/oscilloscope.gen/sources_1/bd/CPU/ipshared/fb46/hdl/axi_data_fifo_v2_1_vl_rfs.v:884]
INFO: [Synth 8-6157] synthesizing module 'axi_data_fifo_v2_1_36_ndeep_srl__parameterized0' [c:/Users/germa/Documents/projects/FPGA/New folder/oscilloscope/oscilloscope.gen/sources_1/bd/CPU/ipshared/fb46/hdl/axi_data_fifo_v2_1_vl_rfs.v:1129]
INFO: [Synth 8-6155] done synthesizing module 'axi_data_fifo_v2_1_36_ndeep_srl__parameterized0' (0#1) [c:/Users/germa/Documents/projects/FPGA/New folder/oscilloscope/oscilloscope.gen/sources_1/bd/CPU/ipshared/fb46/hdl/axi_data_fifo_v2_1_vl_rfs.v:1129]
INFO: [Synth 8-155] case statement is not full and has no default [c:/Users/germa/Documents/projects/FPGA/New folder/oscilloscope/oscilloscope.gen/sources_1/bd/CPU/ipshared/fb46/hdl/axi_data_fifo_v2_1_vl_rfs.v:982]
INFO: [Synth 8-6155] done synthesizing module 'axi_data_fifo_v2_1_36_axic_reg_srl_fifo' (0#1) [c:/Users/germa/Documents/projects/FPGA/New folder/oscilloscope/oscilloscope.gen/sources_1/bd/CPU/ipshared/fb46/hdl/axi_data_fifo_v2_1_vl_rfs.v:884]
INFO: [Synth 8-6155] done synthesizing module 'axi_crossbar_v2_1_38_wdata_router' (0#1) [c:/Users/germa/Documents/projects/FPGA/New folder/oscilloscope/oscilloscope.gen/sources_1/bd/CPU/ipshared/f084/hdl/axi_crossbar_v2_1_vl_rfs.v:4724]
INFO: [Synth 8-6157] synthesizing module 'axi_data_fifo_v2_1_36_axic_srl_fifo__parameterized0' [c:/Users/germa/Documents/projects/FPGA/New folder/oscilloscope/oscilloscope.gen/sources_1/bd/CPU/ipshared/fb46/hdl/axi_data_fifo_v2_1_vl_rfs.v:694]
INFO: [Synth 8-6155] done synthesizing module 'axi_data_fifo_v2_1_36_axic_srl_fifo__parameterized0' (0#1) [c:/Users/germa/Documents/projects/FPGA/New folder/oscilloscope/oscilloscope.gen/sources_1/bd/CPU/ipshared/fb46/hdl/axi_data_fifo_v2_1_vl_rfs.v:694]
INFO: [Synth 8-6157] synthesizing module 'axi_crossbar_v2_1_38_wdata_mux' [c:/Users/germa/Documents/projects/FPGA/New folder/oscilloscope/oscilloscope.gen/sources_1/bd/CPU/ipshared/f084/hdl/axi_crossbar_v2_1_vl_rfs.v:4550]
INFO: [Synth 8-6155] done synthesizing module 'axi_crossbar_v2_1_38_wdata_mux' (0#1) [c:/Users/germa/Documents/projects/FPGA/New folder/oscilloscope/oscilloscope.gen/sources_1/bd/CPU/ipshared/f084/hdl/axi_crossbar_v2_1_vl_rfs.v:4550]
INFO: [Synth 8-6157] synthesizing module 'axi_register_slice_v2_1_36_axi_register_slice' [c:/Users/germa/Documents/projects/FPGA/New folder/oscilloscope/oscilloscope.gen/sources_1/bd/CPU/ipshared/bc4b/hdl/axi_register_slice_v2_1_vl_rfs.v:3721]
INFO: [Synth 8-6157] synthesizing module 'axi_infrastructure_v1_1_0_axi2vector' [c:/Users/germa/Documents/projects/FPGA/New folder/oscilloscope/oscilloscope.gen/sources_1/bd/CPU/ipshared/ec67/hdl/axi_infrastructure_v1_1_vl_rfs.v:59]
INFO: [Synth 8-6155] done synthesizing module 'axi_infrastructure_v1_1_0_axi2vector' (0#1) [c:/Users/germa/Documents/projects/FPGA/New folder/oscilloscope/oscilloscope.gen/sources_1/bd/CPU/ipshared/ec67/hdl/axi_infrastructure_v1_1_vl_rfs.v:59]
INFO: [Synth 8-6157] synthesizing module 'axi_infrastructure_v1_1_0_vector2axi' [c:/Users/germa/Documents/projects/FPGA/New folder/oscilloscope/oscilloscope.gen/sources_1/bd/CPU/ipshared/ec67/hdl/axi_infrastructure_v1_1_vl_rfs.v:473]
INFO: [Synth 8-6155] done synthesizing module 'axi_infrastructure_v1_1_0_vector2axi' (0#1) [c:/Users/germa/Documents/projects/FPGA/New folder/oscilloscope/oscilloscope.gen/sources_1/bd/CPU/ipshared/ec67/hdl/axi_infrastructure_v1_1_vl_rfs.v:473]
INFO: [Synth 8-6157] synthesizing module 'axi_register_slice_v2_1_36_axic_register_slice' [c:/Users/germa/Documents/projects/FPGA/New folder/oscilloscope/oscilloscope.gen/sources_1/bd/CPU/ipshared/bc4b/hdl/axi_register_slice_v2_1_vl_rfs.v:1492]
INFO: [Synth 8-6155] done synthesizing module 'axi_register_slice_v2_1_36_axic_register_slice' (0#1) [c:/Users/germa/Documents/projects/FPGA/New folder/oscilloscope/oscilloscope.gen/sources_1/bd/CPU/ipshared/bc4b/hdl/axi_register_slice_v2_1_vl_rfs.v:1492]
INFO: [Synth 8-6157] synthesizing module 'axi_register_slice_v2_1_36_axic_register_slice__parameterized0' [c:/Users/germa/Documents/projects/FPGA/New folder/oscilloscope/oscilloscope.gen/sources_1/bd/CPU/ipshared/bc4b/hdl/axi_register_slice_v2_1_vl_rfs.v:1492]
INFO: [Synth 8-6155] done synthesizing module 'axi_register_slice_v2_1_36_axic_register_slice__parameterized0' (0#1) [c:/Users/germa/Documents/projects/FPGA/New folder/oscilloscope/oscilloscope.gen/sources_1/bd/CPU/ipshared/bc4b/hdl/axi_register_slice_v2_1_vl_rfs.v:1492]
INFO: [Synth 8-6157] synthesizing module 'axi_register_slice_v2_1_36_axic_register_slice__parameterized1' [c:/Users/germa/Documents/projects/FPGA/New folder/oscilloscope/oscilloscope.gen/sources_1/bd/CPU/ipshared/bc4b/hdl/axi_register_slice_v2_1_vl_rfs.v:1492]
INFO: [Synth 8-6155] done synthesizing module 'axi_register_slice_v2_1_36_axic_register_slice__parameterized1' (0#1) [c:/Users/germa/Documents/projects/FPGA/New folder/oscilloscope/oscilloscope.gen/sources_1/bd/CPU/ipshared/bc4b/hdl/axi_register_slice_v2_1_vl_rfs.v:1492]
INFO: [Synth 8-6157] synthesizing module 'axi_register_slice_v2_1_36_axic_register_slice__parameterized2' [c:/Users/germa/Documents/projects/FPGA/New folder/oscilloscope/oscilloscope.gen/sources_1/bd/CPU/ipshared/bc4b/hdl/axi_register_slice_v2_1_vl_rfs.v:1492]
INFO: [Synth 8-6155] done synthesizing module 'axi_register_slice_v2_1_36_axic_register_slice__parameterized2' (0#1) [c:/Users/germa/Documents/projects/FPGA/New folder/oscilloscope/oscilloscope.gen/sources_1/bd/CPU/ipshared/bc4b/hdl/axi_register_slice_v2_1_vl_rfs.v:1492]
INFO: [Synth 8-6155] done synthesizing module 'axi_register_slice_v2_1_36_axi_register_slice' (0#1) [c:/Users/germa/Documents/projects/FPGA/New folder/oscilloscope/oscilloscope.gen/sources_1/bd/CPU/ipshared/bc4b/hdl/axi_register_slice_v2_1_vl_rfs.v:3721]
INFO: [Synth 8-7071] port 'aclk2x' of module 'axi_register_slice_v2_1_36_axi_register_slice' is unconnected for instance 'reg_slice_mi' [c:/Users/germa/Documents/projects/FPGA/New folder/oscilloscope/oscilloscope.gen/sources_1/bd/CPU/ipshared/f084/hdl/axi_crossbar_v2_1_vl_rfs.v:3116]
INFO: [Synth 8-7023] instance 'reg_slice_mi' of module 'axi_register_slice_v2_1_36_axi_register_slice' has 93 connections declared, but only 92 given [c:/Users/germa/Documents/projects/FPGA/New folder/oscilloscope/oscilloscope.gen/sources_1/bd/CPU/ipshared/f084/hdl/axi_crossbar_v2_1_vl_rfs.v:3116]
INFO: [Synth 8-7071] port 'aclk2x' of module 'axi_register_slice_v2_1_36_axi_register_slice' is unconnected for instance 'reg_slice_mi' [c:/Users/germa/Documents/projects/FPGA/New folder/oscilloscope/oscilloscope.gen/sources_1/bd/CPU/ipshared/f084/hdl/axi_crossbar_v2_1_vl_rfs.v:3116]
INFO: [Synth 8-7023] instance 'reg_slice_mi' of module 'axi_register_slice_v2_1_36_axi_register_slice' has 93 connections declared, but only 92 given [c:/Users/germa/Documents/projects/FPGA/New folder/oscilloscope/oscilloscope.gen/sources_1/bd/CPU/ipshared/f084/hdl/axi_crossbar_v2_1_vl_rfs.v:3116]
INFO: [Synth 8-6157] synthesizing module 'axi_data_fifo_v2_1_36_axic_srl_fifo__parameterized1' [c:/Users/germa/Documents/projects/FPGA/New folder/oscilloscope/oscilloscope.gen/sources_1/bd/CPU/ipshared/fb46/hdl/axi_data_fifo_v2_1_vl_rfs.v:694]
INFO: [Synth 8-6157] synthesizing module 'axi_data_fifo_v2_1_36_ndeep_srl__parameterized1' [c:/Users/germa/Documents/projects/FPGA/New folder/oscilloscope/oscilloscope.gen/sources_1/bd/CPU/ipshared/fb46/hdl/axi_data_fifo_v2_1_vl_rfs.v:1129]
INFO: [Synth 8-6155] done synthesizing module 'axi_data_fifo_v2_1_36_ndeep_srl__parameterized1' (0#1) [c:/Users/germa/Documents/projects/FPGA/New folder/oscilloscope/oscilloscope.gen/sources_1/bd/CPU/ipshared/fb46/hdl/axi_data_fifo_v2_1_vl_rfs.v:1129]
INFO: [Synth 8-6155] done synthesizing module 'axi_data_fifo_v2_1_36_axic_srl_fifo__parameterized1' (0#1) [c:/Users/germa/Documents/projects/FPGA/New folder/oscilloscope/oscilloscope.gen/sources_1/bd/CPU/ipshared/fb46/hdl/axi_data_fifo_v2_1_vl_rfs.v:694]
INFO: [Synth 8-6157] synthesizing module 'axi_crossbar_v2_1_38_wdata_mux__parameterized0' [c:/Users/germa/Documents/projects/FPGA/New folder/oscilloscope/oscilloscope.gen/sources_1/bd/CPU/ipshared/f084/hdl/axi_crossbar_v2_1_vl_rfs.v:4550]
INFO: [Synth 8-6155] done synthesizing module 'axi_crossbar_v2_1_38_wdata_mux__parameterized0' (0#1) [c:/Users/germa/Documents/projects/FPGA/New folder/oscilloscope/oscilloscope.gen/sources_1/bd/CPU/ipshared/f084/hdl/axi_crossbar_v2_1_vl_rfs.v:4550]
INFO: [Synth 8-7071] port 'aclk2x' of module 'axi_register_slice_v2_1_36_axi_register_slice' is unconnected for instance 'reg_slice_mi' [c:/Users/germa/Documents/projects/FPGA/New folder/oscilloscope/oscilloscope.gen/sources_1/bd/CPU/ipshared/f084/hdl/axi_crossbar_v2_1_vl_rfs.v:3116]
INFO: [Synth 8-7023] instance 'reg_slice_mi' of module 'axi_register_slice_v2_1_36_axi_register_slice' has 93 connections declared, but only 92 given [c:/Users/germa/Documents/projects/FPGA/New folder/oscilloscope/oscilloscope.gen/sources_1/bd/CPU/ipshared/f084/hdl/axi_crossbar_v2_1_vl_rfs.v:3116]
INFO: [Synth 8-6157] synthesizing module 'axi_crossbar_v2_1_38_decerr_slave' [c:/Users/germa/Documents/projects/FPGA/New folder/oscilloscope/oscilloscope.gen/sources_1/bd/CPU/ipshared/f084/hdl/axi_crossbar_v2_1_vl_rfs.v:3493]
INFO: [Synth 8-155] case statement is not full and has no default [c:/Users/germa/Documents/projects/FPGA/New folder/oscilloscope/oscilloscope.gen/sources_1/bd/CPU/ipshared/f084/hdl/axi_crossbar_v2_1_vl_rfs.v:3626]
INFO: [Synth 8-6155] done synthesizing module 'axi_crossbar_v2_1_38_decerr_slave' (0#1) [c:/Users/germa/Documents/projects/FPGA/New folder/oscilloscope/oscilloscope.gen/sources_1/bd/CPU/ipshared/f084/hdl/axi_crossbar_v2_1_vl_rfs.v:3493]
INFO: [Synth 8-6157] synthesizing module 'axi_crossbar_v2_1_38_addr_arbiter' [c:/Users/germa/Documents/projects/FPGA/New folder/oscilloscope/oscilloscope.gen/sources_1/bd/CPU/ipshared/f084/hdl/axi_crossbar_v2_1_vl_rfs.v:420]
INFO: [Synth 8-6155] done synthesizing module 'axi_crossbar_v2_1_38_addr_arbiter' (0#1) [c:/Users/germa/Documents/projects/FPGA/New folder/oscilloscope/oscilloscope.gen/sources_1/bd/CPU/ipshared/f084/hdl/axi_crossbar_v2_1_vl_rfs.v:420]
INFO: [Synth 8-6155] done synthesizing module 'axi_crossbar_v2_1_38_crossbar' (0#1) [c:/Users/germa/Documents/projects/FPGA/New folder/oscilloscope/oscilloscope.gen/sources_1/bd/CPU/ipshared/f084/hdl/axi_crossbar_v2_1_vl_rfs.v:2232]
INFO: [Synth 8-6155] done synthesizing module 'axi_crossbar_v2_1_38_axi_crossbar' (0#1) [c:/Users/germa/Documents/projects/FPGA/New folder/oscilloscope/oscilloscope.gen/sources_1/bd/CPU/ipshared/f084/hdl/axi_crossbar_v2_1_vl_rfs.v:4871]
INFO: [Synth 8-6155] done synthesizing module 'CPU_axi_interconnect_0_imp_xbar_0' (0#1) [c:/Users/germa/Documents/projects/FPGA/New folder/oscilloscope/oscilloscope.gen/sources_1/bd/CPU/ip/CPU_axi_interconnect_0_imp_xbar_0/synth/CPU_axi_interconnect_0_imp_xbar_0.v:53]
INFO: [Synth 8-6014] Unused sequential element areset_d1_reg was removed.  [c:/Users/germa/Documents/projects/FPGA/New folder/oscilloscope/oscilloscope.gen/sources_1/bd/CPU/ipshared/fb46/hdl/axi_data_fifo_v2_1_vl_rfs.v:747]
INFO: [Synth 8-6014] Unused sequential element S_READY_i_reg was removed.  [c:/Users/germa/Documents/projects/FPGA/New folder/oscilloscope/oscilloscope.gen/sources_1/bd/CPU/ipshared/fb46/hdl/axi_data_fifo_v2_1_vl_rfs.v:786]
INFO: [Synth 8-6014] Unused sequential element gen_multi_thread.gen_thread_loop[0].gen_debug_r_multi_thread.debug_r_beat_cnt_i_reg was removed.  [c:/Users/germa/Documents/projects/FPGA/New folder/oscilloscope/oscilloscope.gen/sources_1/bd/CPU/ipshared/f084/hdl/axi_crossbar_v2_1_vl_rfs.v:4338]
INFO: [Synth 8-6014] Unused sequential element gen_multi_thread.gen_thread_loop[1].gen_debug_r_multi_thread.debug_r_beat_cnt_i_reg was removed.  [c:/Users/germa/Documents/projects/FPGA/New folder/oscilloscope/oscilloscope.gen/sources_1/bd/CPU/ipshared/f084/hdl/axi_crossbar_v2_1_vl_rfs.v:4338]
INFO: [Synth 8-6014] Unused sequential element gen_multi_thread.gen_thread_loop[2].gen_debug_r_multi_thread.debug_r_beat_cnt_i_reg was removed.  [c:/Users/germa/Documents/projects/FPGA/New folder/oscilloscope/oscilloscope.gen/sources_1/bd/CPU/ipshared/f084/hdl/axi_crossbar_v2_1_vl_rfs.v:4338]
INFO: [Synth 8-6014] Unused sequential element gen_multi_thread.gen_thread_loop[3].gen_debug_r_multi_thread.debug_r_beat_cnt_i_reg was removed.  [c:/Users/germa/Documents/projects/FPGA/New folder/oscilloscope/oscilloscope.gen/sources_1/bd/CPU/ipshared/f084/hdl/axi_crossbar_v2_1_vl_rfs.v:4338]
INFO: [Synth 8-6014] Unused sequential element gen_multi_thread.gen_thread_loop[4].gen_debug_r_multi_thread.debug_r_beat_cnt_i_reg was removed.  [c:/Users/germa/Documents/projects/FPGA/New folder/oscilloscope/oscilloscope.gen/sources_1/bd/CPU/ipshared/f084/hdl/axi_crossbar_v2_1_vl_rfs.v:4338]
INFO: [Synth 8-6014] Unused sequential element gen_multi_thread.gen_thread_loop[5].gen_debug_r_multi_thread.debug_r_beat_cnt_i_reg was removed.  [c:/Users/germa/Documents/projects/FPGA/New folder/oscilloscope/oscilloscope.gen/sources_1/bd/CPU/ipshared/f084/hdl/axi_crossbar_v2_1_vl_rfs.v:4338]
INFO: [Synth 8-6014] Unused sequential element gen_multi_thread.gen_thread_loop[6].gen_debug_r_multi_thread.debug_r_beat_cnt_i_reg was removed.  [c:/Users/germa/Documents/projects/FPGA/New folder/oscilloscope/oscilloscope.gen/sources_1/bd/CPU/ipshared/f084/hdl/axi_crossbar_v2_1_vl_rfs.v:4338]
INFO: [Synth 8-6014] Unused sequential element gen_multi_thread.gen_thread_loop[7].gen_debug_r_multi_thread.debug_r_beat_cnt_i_reg was removed.  [c:/Users/germa/Documents/projects/FPGA/New folder/oscilloscope/oscilloscope.gen/sources_1/bd/CPU/ipshared/f084/hdl/axi_crossbar_v2_1_vl_rfs.v:4338]
INFO: [Synth 8-6014] Unused sequential element gen_multi_thread.gen_thread_loop[0].gen_debug_r_multi_thread.debug_r_beat_cnt_i_reg was removed.  [c:/Users/germa/Documents/projects/FPGA/New folder/oscilloscope/oscilloscope.gen/sources_1/bd/CPU/ipshared/f084/hdl/axi_crossbar_v2_1_vl_rfs.v:4338]
INFO: [Synth 8-6014] Unused sequential element gen_multi_thread.gen_thread_loop[1].gen_debug_r_multi_thread.debug_r_beat_cnt_i_reg was removed.  [c:/Users/germa/Documents/projects/FPGA/New folder/oscilloscope/oscilloscope.gen/sources_1/bd/CPU/ipshared/f084/hdl/axi_crossbar_v2_1_vl_rfs.v:4338]
INFO: [Synth 8-6014] Unused sequential element gen_multi_thread.gen_thread_loop[2].gen_debug_r_multi_thread.debug_r_beat_cnt_i_reg was removed.  [c:/Users/germa/Documents/projects/FPGA/New folder/oscilloscope/oscilloscope.gen/sources_1/bd/CPU/ipshared/f084/hdl/axi_crossbar_v2_1_vl_rfs.v:4338]
INFO: [Synth 8-6014] Unused sequential element gen_multi_thread.gen_thread_loop[3].gen_debug_r_multi_thread.debug_r_beat_cnt_i_reg was removed.  [c:/Users/germa/Documents/projects/FPGA/New folder/oscilloscope/oscilloscope.gen/sources_1/bd/CPU/ipshared/f084/hdl/axi_crossbar_v2_1_vl_rfs.v:4338]
INFO: [Synth 8-6014] Unused sequential element gen_multi_thread.gen_thread_loop[4].gen_debug_r_multi_thread.debug_r_beat_cnt_i_reg was removed.  [c:/Users/germa/Documents/projects/FPGA/New folder/oscilloscope/oscilloscope.gen/sources_1/bd/CPU/ipshared/f084/hdl/axi_crossbar_v2_1_vl_rfs.v:4338]
INFO: [Synth 8-6014] Unused sequential element gen_multi_thread.gen_thread_loop[5].gen_debug_r_multi_thread.debug_r_beat_cnt_i_reg was removed.  [c:/Users/germa/Documents/projects/FPGA/New folder/oscilloscope/oscilloscope.gen/sources_1/bd/CPU/ipshared/f084/hdl/axi_crossbar_v2_1_vl_rfs.v:4338]
INFO: [Synth 8-6014] Unused sequential element gen_multi_thread.gen_thread_loop[6].gen_debug_r_multi_thread.debug_r_beat_cnt_i_reg was removed.  [c:/Users/germa/Documents/projects/FPGA/New folder/oscilloscope/oscilloscope.gen/sources_1/bd/CPU/ipshared/f084/hdl/axi_crossbar_v2_1_vl_rfs.v:4338]
INFO: [Synth 8-6014] Unused sequential element gen_multi_thread.gen_thread_loop[7].gen_debug_r_multi_thread.debug_r_beat_cnt_i_reg was removed.  [c:/Users/germa/Documents/projects/FPGA/New folder/oscilloscope/oscilloscope.gen/sources_1/bd/CPU/ipshared/f084/hdl/axi_crossbar_v2_1_vl_rfs.v:4338]
INFO: [Synth 8-6014] Unused sequential element areset_d1_reg was removed.  [c:/Users/germa/Documents/projects/FPGA/New folder/oscilloscope/oscilloscope.gen/sources_1/bd/CPU/ipshared/fb46/hdl/axi_data_fifo_v2_1_vl_rfs.v:747]
INFO: [Synth 8-6014] Unused sequential element S_READY_i_reg was removed.  [c:/Users/germa/Documents/projects/FPGA/New folder/oscilloscope/oscilloscope.gen/sources_1/bd/CPU/ipshared/fb46/hdl/axi_data_fifo_v2_1_vl_rfs.v:786]
INFO: [Synth 8-6014] Unused sequential element areset_d1_reg was removed.  [c:/Users/germa/Documents/projects/FPGA/New folder/oscilloscope/oscilloscope.gen/sources_1/bd/CPU/ipshared/fb46/hdl/axi_data_fifo_v2_1_vl_rfs.v:747]
INFO: [Synth 8-6014] Unused sequential element S_READY_i_reg was removed.  [c:/Users/germa/Documents/projects/FPGA/New folder/oscilloscope/oscilloscope.gen/sources_1/bd/CPU/ipshared/fb46/hdl/axi_data_fifo_v2_1_vl_rfs.v:786]
INFO: [Synth 8-6014] Unused sequential element gen_master_slots[0].gen_mi_write.gen_debug_w.debug_w_beat_cnt_i_reg was removed.  [c:/Users/germa/Documents/projects/FPGA/New folder/oscilloscope/oscilloscope.gen/sources_1/bd/CPU/ipshared/f084/hdl/axi_crossbar_v2_1_vl_rfs.v:2991]
INFO: [Synth 8-6014] Unused sequential element gen_master_slots[1].gen_mi_write.gen_debug_w.debug_w_beat_cnt_i_reg was removed.  [c:/Users/germa/Documents/projects/FPGA/New folder/oscilloscope/oscilloscope.gen/sources_1/bd/CPU/ipshared/f084/hdl/axi_crossbar_v2_1_vl_rfs.v:2991]
INFO: [Synth 8-6014] Unused sequential element gen_master_slots[2].gen_mi_write.gen_debug_w.debug_w_beat_cnt_i_reg was removed.  [c:/Users/germa/Documents/projects/FPGA/New folder/oscilloscope/oscilloscope.gen/sources_1/bd/CPU/ipshared/f084/hdl/axi_crossbar_v2_1_vl_rfs.v:2991]
INFO: [Synth 8-7129] Port ACLK in module axi_register_slice_v2_1_36_axic_register_slice is either unconnected or has no load
INFO: [Synth 8-7129] Port ARESET in module axi_register_slice_v2_1_36_axic_register_slice is either unconnected or has no load
INFO: [Synth 8-7129] Port ACLK in module axi_register_slice_v2_1_36_axic_register_slice__parameterized0 is either unconnected or has no load
INFO: [Synth 8-7129] Port ARESET in module axi_register_slice_v2_1_36_axic_register_slice__parameterized0 is either unconnected or has no load
INFO: [Synth 8-7129] Port m_axi_buser[0] in module axi_infrastructure_v1_1_0_vector2axi is either unconnected or has no load
INFO: [Synth 8-7129] Port m_axi_ruser[0] in module axi_infrastructure_v1_1_0_vector2axi is either unconnected or has no load
INFO: [Synth 8-7129] Port s_axi_awuser[0] in module axi_infrastructure_v1_1_0_axi2vector is either unconnected or has no load
INFO: [Synth 8-7129] Port s_axi_wid[11] in module axi_infrastructure_v1_1_0_axi2vector is either unconnected or has no load
INFO: [Synth 8-7129] Port s_axi_wid[10] in module axi_infrastructure_v1_1_0_axi2vector is either unconnected or has no load
INFO: [Synth 8-7129] Port s_axi_wid[9] in module axi_infrastructure_v1_1_0_axi2vector is either unconnected or has no load
INFO: [Synth 8-7129] Port s_axi_wid[8] in module axi_infrastructure_v1_1_0_axi2vector is either unconnected or has no load
INFO: [Synth 8-7129] Port s_axi_wid[7] in module axi_infrastructure_v1_1_0_axi2vector is either unconnected or has no load
INFO: [Synth 8-7129] Port s_axi_wid[6] in module axi_infrastructure_v1_1_0_axi2vector is either unconnected or has no load
INFO: [Synth 8-7129] Port s_axi_wid[5] in module axi_infrastructure_v1_1_0_axi2vector is either unconnected or has no load
INFO: [Synth 8-7129] Port s_axi_wid[4] in module axi_infrastructure_v1_1_0_axi2vector is either unconnected or has no load
INFO: [Synth 8-7129] Port s_axi_wid[3] in module axi_infrastructure_v1_1_0_axi2vector is either unconnected or has no load
INFO: [Synth 8-7129] Port s_axi_wid[2] in module axi_infrastructure_v1_1_0_axi2vector is either unconnected or has no load
INFO: [Synth 8-7129] Port s_axi_wid[1] in module axi_infrastructure_v1_1_0_axi2vector is either unconnected or has no load
INFO: [Synth 8-7129] Port s_axi_wid[0] in module axi_infrastructure_v1_1_0_axi2vector is either unconnected or has no load
INFO: [Synth 8-7129] Port s_axi_wuser[0] in module axi_infrastructure_v1_1_0_axi2vector is either unconnected or has no load
INFO: [Synth 8-7129] Port s_axi_aruser[0] in module axi_infrastructure_v1_1_0_axi2vector is either unconnected or has no load
INFO: [Synth 8-7129] Port aclk2x in module axi_register_slice_v2_1_36_axi_register_slice is either unconnected or has no load
INFO: [Synth 8-7129] Port ACLK in module axi_crossbar_v2_1_38_wdata_mux is either unconnected or has no load
INFO: [Synth 8-7129] Port ARESET in module axi_crossbar_v2_1_38_wdata_mux is either unconnected or has no load
INFO: [Synth 8-7129] Port S_ASELECT[0] in module axi_crossbar_v2_1_38_wdata_mux is either unconnected or has no load
INFO: [Synth 8-7129] Port S_AVALID in module axi_crossbar_v2_1_38_wdata_mux is either unconnected or has no load
INFO: [Synth 8-7129] Port ADDR[1] in module axi_crossbar_v2_1_38_addr_decoder is either unconnected or has no load
INFO: [Synth 8-7129] Port ADDR[0] in module axi_crossbar_v2_1_38_addr_decoder is either unconnected or has no load
INFO: [Synth 8-7129] Port S_ABURST[1] in module axi_crossbar_v2_1_38_si_transactor__parameterized0 is either unconnected or has no load
INFO: [Synth 8-7129] Port S_ABURST[0] in module axi_crossbar_v2_1_38_si_transactor__parameterized0 is either unconnected or has no load
INFO: [Synth 8-7129] Port S_ABURST[1] in module axi_crossbar_v2_1_38_si_transactor is either unconnected or has no load
INFO: [Synth 8-7129] Port S_ABURST[0] in module axi_crossbar_v2_1_38_si_transactor is either unconnected or has no load
INFO: [Synth 8-7129] Port S_AXI_WID[11] in module axi_crossbar_v2_1_38_crossbar is either unconnected or has no load
INFO: [Synth 8-7129] Port S_AXI_WID[10] in module axi_crossbar_v2_1_38_crossbar is either unconnected or has no load
INFO: [Synth 8-7129] Port S_AXI_WID[9] in module axi_crossbar_v2_1_38_crossbar is either unconnected or has no load
INFO: [Synth 8-7129] Port S_AXI_WID[8] in module axi_crossbar_v2_1_38_crossbar is either unconnected or has no load
INFO: [Synth 8-7129] Port S_AXI_WID[7] in module axi_crossbar_v2_1_38_crossbar is either unconnected or has no load
INFO: [Synth 8-7129] Port S_AXI_WID[6] in module axi_crossbar_v2_1_38_crossbar is either unconnected or has no load
INFO: [Synth 8-7129] Port S_AXI_WID[5] in module axi_crossbar_v2_1_38_crossbar is either unconnected or has no load
INFO: [Synth 8-7129] Port S_AXI_WID[4] in module axi_crossbar_v2_1_38_crossbar is either unconnected or has no load
INFO: [Synth 8-7129] Port S_AXI_WID[3] in module axi_crossbar_v2_1_38_crossbar is either unconnected or has no load
INFO: [Synth 8-7129] Port S_AXI_WID[2] in module axi_crossbar_v2_1_38_crossbar is either unconnected or has no load
INFO: [Synth 8-7129] Port S_AXI_WID[1] in module axi_crossbar_v2_1_38_crossbar is either unconnected or has no load
INFO: [Synth 8-7129] Port S_AXI_WID[0] in module axi_crossbar_v2_1_38_crossbar is either unconnected or has no load
INFO: [Synth 8-7129] Port s_axi_awuser[0] in module axi_crossbar_v2_1_38_axi_crossbar is either unconnected or has no load
INFO: [Synth 8-7129] Port s_axi_wid[11] in module axi_crossbar_v2_1_38_axi_crossbar is either unconnected or has no load
INFO: [Synth 8-7129] Port s_axi_wid[10] in module axi_crossbar_v2_1_38_axi_crossbar is either unconnected or has no load
INFO: [Synth 8-7129] Port s_axi_wid[9] in module axi_crossbar_v2_1_38_axi_crossbar is either unconnected or has no load
INFO: [Synth 8-7129] Port s_axi_wid[8] in module axi_crossbar_v2_1_38_axi_crossbar is either unconnected or has no load
INFO: [Synth 8-7129] Port s_axi_wid[7] in module axi_crossbar_v2_1_38_axi_crossbar is either unconnected or has no load
INFO: [Synth 8-7129] Port s_axi_wid[6] in module axi_crossbar_v2_1_38_axi_crossbar is either unconnected or has no load
INFO: [Synth 8-7129] Port s_axi_wid[5] in module axi_crossbar_v2_1_38_axi_crossbar is either unconnected or has no load
INFO: [Synth 8-7129] Port s_axi_wid[4] in module axi_crossbar_v2_1_38_axi_crossbar is either unconnected or has no load
INFO: [Synth 8-7129] Port s_axi_wid[3] in module axi_crossbar_v2_1_38_axi_crossbar is either unconnected or has no load
INFO: [Synth 8-7129] Port s_axi_wid[2] in module axi_crossbar_v2_1_38_axi_crossbar is either unconnected or has no load
INFO: [Synth 8-7129] Port s_axi_wid[1] in module axi_crossbar_v2_1_38_axi_crossbar is either unconnected or has no load
INFO: [Synth 8-7129] Port s_axi_wid[0] in module axi_crossbar_v2_1_38_axi_crossbar is either unconnected or has no load
INFO: [Synth 8-7129] Port s_axi_wuser[0] in module axi_crossbar_v2_1_38_axi_crossbar is either unconnected or has no load
INFO: [Synth 8-7129] Port s_axi_aruser[0] in module axi_crossbar_v2_1_38_axi_crossbar is either unconnected or has no load
INFO: [Synth 8-7129] Port m_axi_buser[1] in module axi_crossbar_v2_1_38_axi_crossbar is either unconnected or has no load
INFO: [Synth 8-7129] Port m_axi_buser[0] in module axi_crossbar_v2_1_38_axi_crossbar is either unconnected or has no load
INFO: [Synth 8-7129] Port m_axi_ruser[1] in module axi_crossbar_v2_1_38_axi_crossbar is either unconnected or has no load
INFO: [Synth 8-7129] Port m_axi_ruser[0] in module axi_crossbar_v2_1_38_axi_crossbar is either unconnected or has no load
---------------------------------------------------------------------------------
Finished RTL Elaboration : Time (s): cpu = 00:00:13 ; elapsed = 00:00:15 . Memory (MB): peak = 1602.484 ; gain = 811.824
---------------------------------------------------------------------------------
---------------------------------------------------------------------------------
Start Handling Custom Attributes
---------------------------------------------------------------------------------
---------------------------------------------------------------------------------
Finished Handling Custom Attributes : Time (s): cpu = 00:00:14 ; elapsed = 00:00:15 . Memory (MB): peak = 1602.484 ; gain = 811.824
---------------------------------------------------------------------------------
---------------------------------------------------------------------------------
Finished RTL Optimization Phase 1 : Time (s): cpu = 00:00:14 ; elapsed = 00:00:15 . Memory (MB): peak = 1602.484 ; gain = 811.824
---------------------------------------------------------------------------------
Netlist sorting complete. Time (s): cpu = 00:00:00 ; elapsed = 00:00:00.138 . Memory (MB): peak = 1602.484 ; gain = 0.000
INFO: [Project 1-570] Preparing netlist for logic optimization

Processing XDC Constraints
Initializing timing engine
Parsing XDC File [c:/Users/germa/Documents/projects/FPGA/New folder/oscilloscope/oscilloscope.gen/sources_1/bd/CPU/ip/CPU_axi_interconnect_0_imp_xbar_0/CPU_axi_interconnect_0_imp_xbar_0_ooc.xdc] for cell 'inst'
Finished Parsing XDC File [c:/Users/germa/Documents/projects/FPGA/New folder/oscilloscope/oscilloscope.gen/sources_1/bd/CPU/ip/CPU_axi_interconnect_0_imp_xbar_0/CPU_axi_interconnect_0_imp_xbar_0_ooc.xdc] for cell 'inst'
Parsing XDC File [C:/Users/germa/Documents/projects/FPGA/New folder/oscilloscope/oscilloscope.runs/CPU_axi_interconnect_0_imp_xbar_0_synth_1/dont_touch.xdc]
Finished Parsing XDC File [C:/Users/germa/Documents/projects/FPGA/New folder/oscilloscope/oscilloscope.runs/CPU_axi_interconnect_0_imp_xbar_0_synth_1/dont_touch.xdc]
Completed Processing XDC Constraints

Netlist sorting complete. Time (s): cpu = 00:00:00 ; elapsed = 00:00:00.002 . Memory (MB): peak = 1629.523 ; gain = 0.000
INFO: [Project 1-111] Unisim Transformation Summary:
No Unisim elements were transformed.

Constraint Validation Runtime : Time (s): cpu = 00:00:00 ; elapsed = 00:00:00.110 . Memory (MB): peak = 1629.523 ; gain = 0.000
INFO: [Designutils 20-5008] Incremental synthesis strategy off
---------------------------------------------------------------------------------
Finished Constraint Validation : Time (s): cpu = 00:00:27 ; elapsed = 00:00:35 . Memory (MB): peak = 1629.523 ; gain = 838.863
---------------------------------------------------------------------------------
---------------------------------------------------------------------------------
Start Loading Part and Timing Information
---------------------------------------------------------------------------------
Loading part: xc7z020clg400-1
---------------------------------------------------------------------------------
Finished Loading Part and Timing Information : Time (s): cpu = 00:00:27 ; elapsed = 00:00:35 . Memory (MB): peak = 1629.523 ; gain = 838.863
---------------------------------------------------------------------------------
---------------------------------------------------------------------------------
Start Applying 'set_property' XDC Constraints
---------------------------------------------------------------------------------
---------------------------------------------------------------------------------
Finished applying 'set_property' XDC Constraints : Time (s): cpu = 00:00:27 ; elapsed = 00:00:36 . Memory (MB): peak = 1629.523 ; gain = 838.863
---------------------------------------------------------------------------------
INFO: [Synth 8-802] inferred FSM for state register 'state_reg' in module 'axi_data_fifo_v2_1_36_axic_reg_srl_fifo'
INFO: [Synth 8-802] inferred FSM for state register 'gen_axi.write_cs_reg' in module 'axi_crossbar_v2_1_38_decerr_slave'
---------------------------------------------------------------------------------------------------
                   State |                     New Encoding |                Previous Encoding 
---------------------------------------------------------------------------------------------------
                    ZERO |                              100 |                               10
                     ONE |                              010 |                               11
                     TWO |                              001 |                               01
---------------------------------------------------------------------------------------------------
INFO: [Synth 8-3354] encoded FSM with state register 'state_reg' using encoding 'one-hot' in module 'axi_data_fifo_v2_1_36_axic_reg_srl_fifo'
---------------------------------------------------------------------------------------------------
                   State |                     New Encoding |                Previous Encoding 
---------------------------------------------------------------------------------------------------
            P_WRITE_IDLE |                              001 |                               00
            P_WRITE_DATA |                              010 |                               01
            P_WRITE_RESP |                              100 |                               10
---------------------------------------------------------------------------------------------------
INFO: [Synth 8-3354] encoded FSM with state register 'gen_axi.write_cs_reg' using encoding 'one-hot' in module 'axi_crossbar_v2_1_38_decerr_slave'
---------------------------------------------------------------------------------
Finished RTL Optimization Phase 2 : Time (s): cpu = 00:00:29 ; elapsed = 00:00:40 . Memory (MB): peak = 1629.523 ; gain = 838.863
---------------------------------------------------------------------------------
---------------------------------------------------------------------------------
Start RTL Component Statistics 
---------------------------------------------------------------------------------
Detailed RTL Component Info : 
+---Adders : 
	   2 Input    8 Bit       Adders := 3     
	   2 Input    4 Bit       Adders := 38    
	   2 Input    3 Bit       Adders := 4     
	   2 Input    2 Bit       Adders := 1     
	   2 Input    1 Bit       Adders := 2     
+---XORs : 
	   2 Input      1 Bit         XORs := 20    
+---Registers : 
	               75 Bit    Registers := 2     
	               47 Bit    Registers := 6     
	               14 Bit    Registers := 3     
	               12 Bit    Registers := 18    
	                8 Bit    Registers := 57    
	                4 Bit    Registers := 18    
	                3 Bit    Registers := 9     
	                2 Bit    Registers := 10    
	                1 Bit    Registers := 47    
+---Muxes : 
	   2 Input   47 Bit        Muxes := 6     
	   2 Input    8 Bit        Muxes := 1     
	   3 Input    4 Bit        Muxes := 16    
	   2 Input    4 Bit        Muxes := 4     
	   2 Input    3 Bit        Muxes := 6     
	   3 Input    3 Bit        Muxes := 1     
	   2 Input    2 Bit        Muxes := 48    
	   2 Input    1 Bit        Muxes := 54    
	   3 Input    1 Bit        Muxes := 11    
---------------------------------------------------------------------------------
Finished RTL Component Statistics 
---------------------------------------------------------------------------------
---------------------------------------------------------------------------------
Start Part Resource Summary
---------------------------------------------------------------------------------
Part Resources:
DSPs: 220 (col length:60)
BRAMs: 280 (col length: RAMB18 60 RAMB36 30)
---------------------------------------------------------------------------------
Finished Part Resource Summary
---------------------------------------------------------------------------------
---------------------------------------------------------------------------------
Start Cross Boundary and Area Optimization
---------------------------------------------------------------------------------
INFO: [Synth 8-7129] Port aclk2x in module axi_register_slice_v2_1_36_axi_register_slice is either unconnected or has no load
INFO: [Synth 8-7129] Port s_axi_awuser[0] in module axi_register_slice_v2_1_36_axi_register_slice is either unconnected or has no load
INFO: [Synth 8-7129] Port s_axi_wid[11] in module axi_register_slice_v2_1_36_axi_register_slice is either unconnected or has no load
INFO: [Synth 8-7129] Port s_axi_wid[10] in module axi_register_slice_v2_1_36_axi_register_slice is either unconnected or has no load
INFO: [Synth 8-7129] Port s_axi_wid[9] in module axi_register_slice_v2_1_36_axi_register_slice is either unconnected or has no load
INFO: [Synth 8-7129] Port s_axi_wid[8] in module axi_register_slice_v2_1_36_axi_register_slice is either unconnected or has no load
INFO: [Synth 8-7129] Port s_axi_wid[7] in module axi_register_slice_v2_1_36_axi_register_slice is either unconnected or has no load
INFO: [Synth 8-7129] Port s_axi_wid[6] in module axi_register_slice_v2_1_36_axi_register_slice is either unconnected or has no load
INFO: [Synth 8-7129] Port s_axi_wid[5] in module axi_register_slice_v2_1_36_axi_register_slice is either unconnected or has no load
INFO: [Synth 8-7129] Port s_axi_wid[4] in module axi_register_slice_v2_1_36_axi_register_slice is either unconnected or has no load
INFO: [Synth 8-7129] Port s_axi_wid[3] in module axi_register_slice_v2_1_36_axi_register_slice is either unconnected or has no load
INFO: [Synth 8-7129] Port s_axi_wid[2] in module axi_register_slice_v2_1_36_axi_register_slice is either unconnected or has no load
INFO: [Synth 8-7129] Port s_axi_wid[1] in module axi_register_slice_v2_1_36_axi_register_slice is either unconnected or has no load
INFO: [Synth 8-7129] Port s_axi_wid[0] in module axi_register_slice_v2_1_36_axi_register_slice is either unconnected or has no load
INFO: [Synth 8-7129] Port s_axi_wuser[0] in module axi_register_slice_v2_1_36_axi_register_slice is either unconnected or has no load
INFO: [Synth 8-7129] Port s_axi_aruser[0] in module axi_register_slice_v2_1_36_axi_register_slice is either unconnected or has no load
INFO: [Synth 8-7129] Port m_axi_buser[0] in module axi_register_slice_v2_1_36_axi_register_slice is either unconnected or has no load
INFO: [Synth 8-7129] Port m_axi_ruser[0] in module axi_register_slice_v2_1_36_axi_register_slice is either unconnected or has no load
INFO: [Synth 8-7129] Port S_ABURST[1] in module axi_crossbar_v2_1_38_si_transactor__parameterized0 is either unconnected or has no load
INFO: [Synth 8-7129] Port S_ABURST[0] in module axi_crossbar_v2_1_38_si_transactor__parameterized0 is either unconnected or has no load
INFO: [Synth 8-7129] Port S_ABURST[1] in module axi_crossbar_v2_1_38_si_transactor is either unconnected or has no load
INFO: [Synth 8-7129] Port S_ABURST[0] in module axi_crossbar_v2_1_38_si_transactor is either unconnected or has no load
INFO: [Synth 8-7129] Port S_AXI_WID[11] in module axi_crossbar_v2_1_38_crossbar is either unconnected or has no load
INFO: [Synth 8-7129] Port S_AXI_WID[10] in module axi_crossbar_v2_1_38_crossbar is either unconnected or has no load
INFO: [Synth 8-7129] Port S_AXI_WID[9] in module axi_crossbar_v2_1_38_crossbar is either unconnected or has no load
INFO: [Synth 8-7129] Port S_AXI_WID[8] in module axi_crossbar_v2_1_38_crossbar is either unconnected or has no load
INFO: [Synth 8-7129] Port S_AXI_WID[7] in module axi_crossbar_v2_1_38_crossbar is either unconnected or has no load
INFO: [Synth 8-7129] Port S_AXI_WID[6] in module axi_crossbar_v2_1_38_crossbar is either unconnected or has no load
INFO: [Synth 8-7129] Port S_AXI_WID[5] in module axi_crossbar_v2_1_38_crossbar is either unconnected or has no load
INFO: [Synth 8-7129] Port S_AXI_WID[4] in module axi_crossbar_v2_1_38_crossbar is either unconnected or has no load
INFO: [Synth 8-7129] Port S_AXI_WID[3] in module axi_crossbar_v2_1_38_crossbar is either unconnected or has no load
INFO: [Synth 8-7129] Port S_AXI_WID[2] in module axi_crossbar_v2_1_38_crossbar is either unconnected or has no load
INFO: [Synth 8-7129] Port S_AXI_WID[1] in module axi_crossbar_v2_1_38_crossbar is either unconnected or has no load
INFO: [Synth 8-7129] Port S_AXI_WID[0] in module axi_crossbar_v2_1_38_crossbar is either unconnected or has no load
INFO: [Synth 8-7129] Port s_axi_awuser[0] in module axi_crossbar_v2_1_38_axi_crossbar is either unconnected or has no load
INFO: [Synth 8-7129] Port s_axi_wid[11] in module axi_crossbar_v2_1_38_axi_crossbar is either unconnected or has no load
INFO: [Synth 8-7129] Port s_axi_wid[10] in module axi_crossbar_v2_1_38_axi_crossbar is either unconnected or has no load
INFO: [Common 17-14] Message 'Synth 8-7129' appears 100 times and further instances of the messages will be disabled. Use the Tcl command set_msg_config to change the current settings.
---------------------------------------------------------------------------------
Finished Cross Boundary and Area Optimization : Time (s): cpu = 00:00:43 ; elapsed = 00:01:02 . Memory (MB): peak = 1629.523 ; gain = 838.863
---------------------------------------------------------------------------------
---------------------------------------------------------------------------------
Start Applying XDC Timing Constraints
---------------------------------------------------------------------------------
---------------------------------------------------------------------------------
Finished Applying XDC Timing Constraints : Time (s): cpu = 00:00:52 ; elapsed = 00:01:14 . Memory (MB): peak = 1685.336 ; gain = 894.676
---------------------------------------------------------------------------------
---------------------------------------------------------------------------------
Start Timing Optimization
---------------------------------------------------------------------------------
---------------------------------------------------------------------------------
Finished Timing Optimization : Time (s): cpu = 00:00:59 ; elapsed = 00:01:27 . Memory (MB): peak = 1766.293 ; gain = 975.633
---------------------------------------------------------------------------------
---------------------------------------------------------------------------------
Start Technology Mapping
---------------------------------------------------------------------------------
---------------------------------------------------------------------------------
Finished Technology Mapping : Time (s): cpu = 00:01:01 ; elapsed = 00:01:28 . Memory (MB): peak = 1784.383 ; gain = 993.723
---------------------------------------------------------------------------------
---------------------------------------------------------------------------------
Start IO Insertion
---------------------------------------------------------------------------------
---------------------------------------------------------------------------------
Start Flattening Before IO Insertion
---------------------------------------------------------------------------------
---------------------------------------------------------------------------------
Finished Flattening Before IO Insertion
---------------------------------------------------------------------------------
---------------------------------------------------------------------------------
Start Final Netlist Cleanup
---------------------------------------------------------------------------------
---------------------------------------------------------------------------------
Finished Final Netlist Cleanup
---------------------------------------------------------------------------------
---------------------------------------------------------------------------------
Finished IO Insertion : Time (s): cpu = 00:01:09 ; elapsed = 00:01:40 . Memory (MB): peak = 1966.562 ; gain = 1175.902
---------------------------------------------------------------------------------
---------------------------------------------------------------------------------
Start Renaming Generated Instances
---------------------------------------------------------------------------------
---------------------------------------------------------------------------------
Finished Renaming Generated Instances : Time (s): cpu = 00:01:09 ; elapsed = 00:01:40 . Memory (MB): peak = 1966.562 ; gain = 1175.902
---------------------------------------------------------------------------------
---------------------------------------------------------------------------------
Start Rebuilding User Hierarchy
---------------------------------------------------------------------------------
---------------------------------------------------------------------------------
Finished Rebuilding User Hierarchy : Time (s): cpu = 00:01:09 ; elapsed = 00:01:41 . Memory (MB): peak = 1966.562 ; gain = 1175.902
---------------------------------------------------------------------------------
---------------------------------------------------------------------------------
Start Renaming Generated Ports
---------------------------------------------------------------------------------
---------------------------------------------------------------------------------
Finished Renaming Generated Ports : Time (s): cpu = 00:01:09 ; elapsed = 00:01:41 . Memory (MB): peak = 1966.562 ; gain = 1175.902
---------------------------------------------------------------------------------
---------------------------------------------------------------------------------
Start Handling Custom Attributes
---------------------------------------------------------------------------------
---------------------------------------------------------------------------------
Finished Handling Custom Attributes : Time (s): cpu = 00:01:09 ; elapsed = 00:01:41 . Memory (MB): peak = 1966.562 ; gain = 1175.902
---------------------------------------------------------------------------------
---------------------------------------------------------------------------------
Start Renaming Generated Nets
---------------------------------------------------------------------------------
---------------------------------------------------------------------------------
Finished Renaming Generated Nets : Time (s): cpu = 00:01:09 ; elapsed = 00:01:41 . Memory (MB): peak = 1966.562 ; gain = 1175.902
---------------------------------------------------------------------------------
---------------------------------------------------------------------------------
Start Writing Synthesis Report
---------------------------------------------------------------------------------

Report BlackBoxes: 
+-+--------------+----------+
| |BlackBox name |Instances |
+-+--------------+----------+
+-+--------------+----------+

Report Cell Usage: 
+------+--------+------+
|      |Cell    |Count |
+------+--------+------+
|1     |CARRY4  |    32|
|2     |LUT1    |    49|
|3     |LUT2    |    16|
|4     |LUT3    |   150|
|5     |LUT4    |   118|
|6     |LUT5    |    75|
|7     |LUT6    |   316|
|8     |SRLC32E |     2|
|9     |FDRE    |   787|
|10    |FDSE    |    12|
+------+--------+------+
---------------------------------------------------------------------------------
Finished Writing Synthesis Report : Time (s): cpu = 00:01:09 ; elapsed = 00:01:41 . Memory (MB): peak = 1966.562 ; gain = 1175.902
---------------------------------------------------------------------------------
Synthesis finished with 0 errors, 0 critical warnings and 0 warnings.
Synthesis Optimization Runtime : Time (s): cpu = 00:00:53 ; elapsed = 00:01:37 . Memory (MB): peak = 1966.562 ; gain = 1148.863
Synthesis Optimization Complete : Time (s): cpu = 00:01:10 ; elapsed = 00:01:41 . Memory (MB): peak = 1966.562 ; gain = 1175.902
INFO: [Project 1-571] Translating synthesized netlist
Netlist sorting complete. Time (s): cpu = 00:00:00 ; elapsed = 00:00:00.056 . Memory (MB): peak = 1966.562 ; gain = 0.000
INFO: [Netlist 29-17] Analyzing 32 Unisim elements for replacement
INFO: [Netlist 29-28] Unisim Transformation completed in 0 CPU seconds
INFO: [Project 1-570] Preparing netlist for logic optimization
INFO: [Opt 31-138] Pushed 0 inverter(s) to 0 load pin(s).
Netlist sorting complete. Time (s): cpu = 00:00:00 ; elapsed = 00:00:00 . Memory (MB): peak = 1979.352 ; gain = 0.000
INFO: [Project 1-111] Unisim Transformation Summary:
No Unisim elements were transformed.

Synth Design complete | Checksum: 4c3e5ad6
INFO: [Common 17-83] Releasing license: Synthesis
219 Infos, 0 Warnings, 0 Critical Warnings and 0 Errors encountered.
synth_design completed successfully
synth_design: Time (s): cpu = 00:01:14 ; elapsed = 00:01:50 . Memory (MB): peak = 1979.352 ; gain = 1423.602
Write ShapeDB Complete: Time (s): cpu = 00:00:00 ; elapsed = 00:00:00.003 . Memory (MB): peak = 1979.352 ; gain = 0.000
INFO: [Common 17-1381] The checkpoint 'C:/Users/germa/Documents/projects/FPGA/New folder/oscilloscope/oscilloscope.runs/CPU_axi_interconnect_0_imp_xbar_0_synth_1/CPU_axi_interconnect_0_imp_xbar_0.dcp' has been generated.
INFO: [Coretcl 2-1648] Added synthesis output to IP cache for IP CPU_axi_interconnect_0_imp_xbar_0, cache-ID = 04bc6741e45e1e05
INFO: [Coretcl 2-1174] Renamed 24 cell refs.
Write ShapeDB Complete: Time (s): cpu = 00:00:00 ; elapsed = 00:00:00.004 . Memory (MB): peak = 1979.352 ; gain = 0.000
INFO: [Common 17-1381] The checkpoint 'C:/Users/germa/Documents/projects/FPGA/New folder/oscilloscope/oscilloscope.runs/CPU_axi_interconnect_0_imp_xbar_0_synth_1/CPU_axi_interconnect_0_imp_xbar_0.dcp' has been generated.
INFO: [Vivado 12-24828] Executing command : report_utilization -file CPU_axi_interconnect_0_imp_xbar_0_utilization_synth.rpt -pb CPU_axi_interconnect_0_imp_xbar_0_utilization_synth.pb
INFO: [Common 17-206] Exiting Vivado at Mon Oct  5 19:18:55 2026...
